Component: ARM Compiler 5.06 update 6 (build 750) Tool: armlink [4d35ed]

==============================================================================

Section Cross References

    startup_stm32f10x_md.o(STACK) refers (Special) to heapauxi.o(.text) for __use_two_region_memory
    startup_stm32f10x_md.o(HEAP) refers (Special) to heapauxi.o(.text) for __use_two_region_memory
    startup_stm32f10x_md.o(RESET) refers (Special) to heapauxi.o(.text) for __use_two_region_memory
    startup_stm32f10x_md.o(RESET) refers to startup_stm32f10x_md.o(STACK) for __initial_sp
    startup_stm32f10x_md.o(RESET) refers to startup_stm32f10x_md.o(.text) for Reset_Handler
    startup_stm32f10x_md.o(RESET) refers to stm32f10x_it.o(i.NMI_Handler) for NMI_Handler
    startup_stm32f10x_md.o(RESET) refers to stm32f10x_it.o(i.HardFault_Handler) for HardFault_Handler
    startup_stm32f10x_md.o(RESET) refers to stm32f10x_it.o(i.MemManage_Handler) for MemManage_Handler
    startup_stm32f10x_md.o(RESET) refers to stm32f10x_it.o(i.BusFault_Handler) for BusFault_Handler
    startup_stm32f10x_md.o(RESET) refers to stm32f10x_it.o(i.UsageFault_Handler) for UsageFault_Handler
    startup_stm32f10x_md.o(RESET) refers to stm32f10x_it.o(i.SVC_Handler) for SVC_Handler
    startup_stm32f10x_md.o(RESET) refers to stm32f10x_it.o(i.DebugMon_Handler) for DebugMon_Handler
    startup_stm32f10x_md.o(RESET) refers to stm32f10x_it.o(i.PendSV_Handler) for PendSV_Handler
    startup_stm32f10x_md.o(RESET) refers to stm32f10x_it.o(i.SysTick_Handler) for SysTick_Handler
    startup_stm32f10x_md.o(.text) refers (Special) to heapauxi.o(.text) for __use_two_region_memory
    startup_stm32f10x_md.o(.text) refers to system_stm32f10x.o(i.SystemInit) for SystemInit
    startup_stm32f10x_md.o(.text) refers to __main.o(!!!main) for __main
    startup_stm32f10x_md.o(.text) refers to startup_stm32f10x_md.o(HEAP) for Heap_Mem
    startup_stm32f10x_md.o(.text) refers to startup_stm32f10x_md.o(STACK) for Stack_Mem
    stm32f10x_gpio.o(i.GPIO_AFIODeInit) refers to stm32f10x_rcc.o(i.RCC_APB2PeriphResetCmd) for RCC_APB2PeriphResetCmd
    stm32f10x_gpio.o(i.GPIO_DeInit) refers to stm32f10x_rcc.o(i.RCC_APB2PeriphResetCmd) for RCC_APB2PeriphResetCmd
    stm32f10x_spi.o(i.I2S_Init) refers to stm32f10x_rcc.o(i.RCC_GetClocksFreq) for RCC_GetClocksFreq
    stm32f10x_spi.o(i.SPI_I2S_DeInit) refers to stm32f10x_rcc.o(i.RCC_APB2PeriphResetCmd) for RCC_APB2PeriphResetCmd
    stm32f10x_spi.o(i.SPI_I2S_DeInit) refers to stm32f10x_rcc.o(i.RCC_APB1PeriphResetCmd) for RCC_APB1PeriphResetCmd
    stm32f10x_usart.o(i.USART_DeInit) refers to stm32f10x_rcc.o(i.RCC_APB2PeriphResetCmd) for RCC_APB2PeriphResetCmd
    stm32f10x_usart.o(i.USART_DeInit) refers to stm32f10x_rcc.o(i.RCC_APB1PeriphResetCmd) for RCC_APB1PeriphResetCmd
    stm32f10x_usart.o(i.USART_Init) refers to stm32f10x_rcc.o(i.RCC_GetClocksFreq) for RCC_GetClocksFreq
    stm32f10x_rcc.o(i.RCC_GetClocksFreq) refers to stm32f10x_rcc.o(.data) for APBAHBPrescTable
    stm32f10x_rcc.o(i.RCC_WaitForHSEStartUp) refers to stm32f10x_rcc.o(i.RCC_GetFlagStatus) for RCC_GetFlagStatus
    stm32f10x_rtc.o(i.RTC_SetAlarm) refers to stm32f10x_rtc.o(i.RTC_EnterConfigMode) for RTC_EnterConfigMode
    stm32f10x_rtc.o(i.RTC_SetAlarm) refers to stm32f10x_rtc.o(i.RTC_ExitConfigMode) for RTC_ExitConfigMode
    stm32f10x_rtc.o(i.RTC_SetCounter) refers to stm32f10x_rtc.o(i.RTC_EnterConfigMode) for RTC_EnterConfigMode
    stm32f10x_rtc.o(i.RTC_SetCounter) refers to stm32f10x_rtc.o(i.RTC_ExitConfigMode) for RTC_ExitConfigMode
    stm32f10x_rtc.o(i.RTC_SetPrescaler) refers to stm32f10x_rtc.o(i.RTC_EnterConfigMode) for RTC_EnterConfigMode
    stm32f10x_rtc.o(i.RTC_SetPrescaler) refers to stm32f10x_rtc.o(i.RTC_ExitConfigMode) for RTC_ExitConfigMode
    delay.o(i.delay_init) refers to misc.o(i.SysTick_CLKSourceConfig) for SysTick_CLKSourceConfig
    delay.o(i.delay_init) refers to system_stm32f10x.o(.data) for SystemCoreClock
    delay.o(i.delay_init) refers to delay.o(.data) for fac_us
    delay.o(i.delay_ms) refers to delay.o(.data) for fac_ms
    delay.o(i.delay_us) refers to delay.o(.data) for fac_us
    led.o(i.LED_Flash) refers to delay.o(i.delay_ms) for delay_ms
    led.o(i.LED_GPIO_Config) refers to stm32f10x_rcc.o(i.RCC_APB2PeriphClockCmd) for RCC_APB2PeriphClockCmd
    led.o(i.LED_GPIO_Config) refers to stm32f10x_gpio.o(i.GPIO_Init) for GPIO_Init
    led.o(i.LED_GPIO_Config) refers to stm32f10x_gpio.o(i.GPIO_SetBits) for GPIO_SetBits
    led.o(i.LED_Init) refers to led.o(i.LED_GPIO_Config) for LED_GPIO_Config
    oled.o(i.OLED_Clear) refers to oled.o(i.OLED_Refresh_Gram) for OLED_Refresh_Gram
    oled.o(i.OLED_Clear) refers to oled.o(.bss) for OLED_GRAM
    oled.o(i.OLED_Display_Off) refers to oled.o(i.OLED_WR_Byte) for OLED_WR_Byte
    oled.o(i.OLED_Display_On) refers to oled.o(i.OLED_WR_Byte) for OLED_WR_Byte
[...]
    defsig_other.o(.text) refers to defsig_general.o(.text) for __default_signal_display


==============================================================================

Removing Unused input sections from the image.

    Removing misc.o(i.NVIC_Init), (112 bytes).
    Removing misc.o(i.NVIC_PriorityGroupConfig), (20 bytes).
    Removing misc.o(i.NVIC_SetVectorTable), (20 bytes).
    Removing misc.o(i.NVIC_SystemLPConfig), (32 bytes).
    Removing stm32f10x_gpio.o(i.GPIO_AFIODeInit), (20 bytes).
    Removing stm32f10x_gpio.o(i.GPIO_DeInit), (200 bytes).
    Removing stm32f10x_gpio.o(i.GPIO_ETH_MediaInterfaceConfig), (12 bytes).
    Removing stm32f10x_gpio.o(i.GPIO_EXTILineConfig), (64 bytes).
    Removing stm32f10x_gpio.o(i.GPIO_EventOutputCmd), (12 bytes).
    Removing stm32f10x_gpio.o(i.GPIO_EventOutputConfig), (32 bytes).
    Removing stm32f10x_gpio.o(i.GPIO_PinLockConfig), (18 bytes).
    Removing stm32f10x_gpio.o(i.GPIO_PinRemapConfig), (144 bytes).
    Removing stm32f10x_gpio.o(i.GPIO_ReadInputData), (8 bytes).
    Removing stm32f10x_gpio.o(i.GPIO_ReadInputDataBit), (18 bytes).
    Removing stm32f10x_gpio.o(i.GPIO_ReadOutputData), (8 bytes).
    Removing stm32f10x_gpio.o(i.GPIO_ReadOutputDataBit), (18 bytes).
    Removing stm32f10x_gpio.o(i.GPIO_StructInit), (16 bytes).
    Removing stm32f10x_gpio.o(i.GPIO_Write), (4 bytes).
    Removing stm32f10x_gpio.o(i.GPIO_WriteBit), (10 bytes).
    Removing stm32f10x_spi.o(i.I2S_Cmd), (24 bytes).
    Removing stm32f10x_spi.o(i.I2S_Init), (232 bytes).
    Removing stm32f10x_spi.o(i.I2S_StructInit), (20 bytes).
    Removing stm32f10x_spi.o(i.SPI_BiDirectionalLineConfig), (28 bytes).
    Removing stm32f10x_spi.o(i.SPI_CalculateCRC), (24 bytes).
    Removing stm32f10x_spi.o(i.SPI_Cmd), (24 bytes).
    Removing stm32f10x_spi.o(i.SPI_DataSizeConfig), (18 bytes).
    Removing stm32f10x_spi.o(i.SPI_GetCRC), (16 bytes).
    Removing stm32f10x_spi.o(i.SPI_GetCRCPolynomial), (6 bytes).
    Removing stm32f10x_spi.o(i.SPI_I2S_ClearFlag), (6 bytes).
    Removing stm32f10x_spi.o(i.SPI_I2S_ClearITPendingBit), (20 bytes).
    Removing stm32f10x_spi.o(i.SPI_I2S_DMACmd), (18 bytes).
    Removing stm32f10x_spi.o(i.SPI_I2S_DeInit), (88 bytes).
    Removing stm32f10x_spi.o(i.SPI_I2S_GetFlagStatus), (18 bytes).
    Removing stm32f10x_spi.o(i.SPI_I2S_GetITStatus), (52 bytes).
    Removing stm32f10x_spi.o(i.SPI_I2S_ITConfig), (32 bytes).
    Removing stm32f10x_spi.o(i.SPI_I2S_ReceiveData), (6 bytes).
    Removing stm32f10x_spi.o(i.SPI_I2S_SendData), (4 bytes).
    Removing stm32f10x_spi.o(i.SPI_Init), (60 bytes).
    Removing stm32f10x_spi.o(i.SPI_NSSInternalSoftwareConfig), (30 bytes).
    Removing stm32f10x_spi.o(i.SPI_SSOutputCmd), (24 bytes).
    Removing stm32f10x_spi.o(i.SPI_StructInit), (24 bytes).
    Removing stm32f10x_spi.o(i.SPI_TransmitCRC), (10 bytes).
    Removing stm32f10x_usart.o(i.USART_ClearFlag), (18 bytes).
    Removing stm32f10x_usart.o(i.USART_ClearITPendingBit), (30 bytes).
    Removing stm32f10x_usart.o(i.USART_ClockInit), (34 bytes).
    Removing stm32f10x_usart.o(i.USART_ClockStructInit), (12 bytes).
    Removing stm32f10x_usart.o(i.USART_Cmd), (24 bytes).
    Removing stm32f10x_usart.o(i.USART_DMACmd), (18 bytes).
    Removing stm32f10x_usart.o(i.USART_DeInit), (156 bytes).
    Removing stm32f10x_usart.o(i.USART_GetFlagStatus), (26 bytes).
    Removing stm32f10x_usart.o(i.USART_GetITStatus), (84 bytes).
    Removing stm32f10x_usart.o(i.USART_HalfDuplexCmd), (24 bytes).
    Removing stm32f10x_usart.o(i.USART_ITConfig), (74 bytes).
    Removing stm32f10x_usart.o(i.USART_Init), (216 bytes).
    Removing stm32f10x_usart.o(i.USART_IrDACmd), (24 bytes).
    Removing stm32f10x_usart.o(i.USART_IrDAConfig), (18 bytes).
    Removing stm32f10x_usart.o(i.USART_LINBreakDetectLengthConfig), (18 bytes).
    Removing stm32f10x_usart.o(i.USART_LINCmd), (24 bytes).
    Removing stm32f10x_usart.o(i.USART_OneBitMethodCmd), (24 bytes).
    Removing stm32f10x_usart.o(i.USART_OverSampling8Cmd), (22 bytes).
    Removing stm32f10x_usart.o(i.USART_ReceiveData), (10 bytes).
    Removing stm32f10x_usart.o(i.USART_ReceiverWakeUpCmd), (24 bytes).
    Removing stm32f10x_usart.o(i.USART_SendBreak), (10 bytes).
    Removing stm32f10x_usart.o(i.USART_SendData), (8 bytes).
    Removing stm32f10x_usart.o(i.USART_SetAddress), (18 bytes).
    Removing stm32f10x_usart.o(i.USART_SetGuardTime), (16 bytes).
    Removing stm32f10x_usart.o(i.USART_SetPrescaler), (16 bytes).
    Removing stm32f10x_usart.o(i.USART_SmartCardCmd), (24 bytes).
    Removing stm32f10x_usart.o(i.USART_SmartCardNACKCmd), (24 bytes).
    Removing stm32f10x_usart.o(i.USART_StructInit), (24 bytes).
    Removing stm32f10x_usart.o(i.USART_WakeUpConfig), (18 bytes).
    Removing stm32f10x_rcc.o(i.RCC_ADCCLKConfig), (24 bytes).
    Removing stm32f10x_rcc.o(i.RCC_AHBPeriphClockCmd), (32 bytes).
    Removing stm32f10x_rcc.o(i.RCC_APB1PeriphClockCmd), (32 bytes).
    Removing stm32f10x_rcc.o(i.RCC_APB1PeriphResetCmd), (32 bytes).
    Removing stm32f10x_rcc.o(i.RCC_APB2PeriphResetCmd), (32 bytes).
    Removing stm32f10x_rcc.o(i.RCC_AdjustHSICalibrationValue), (24 bytes).
    Removing stm32f10x_rcc.o(i.RCC_BackupResetCmd), (12 bytes).
    Removing stm32f10x_rcc.o(i.RCC_ClearFlag), (20 bytes).
    Removing stm32f10x_rcc.o(i.RCC_ClearITPendingBit), (12 bytes).
    Removing stm32f10x_rcc.o(i.RCC_ClockSecuritySystemCmd), (12 bytes).
    Removing stm32f10x_rcc.o(i.RCC_DeInit), (76 bytes).
    Removing stm32f10x_rcc.o(i.RCC_GetClocksFreq), (212 bytes).
    Removing stm32f10x_rcc.o(i.RCC_GetFlagStatus), (60 bytes).
    Removing stm32f10x_rcc.o(i.RCC_GetITStatus), (24 bytes).
    Removing stm32f10x_rcc.o(i.RCC_GetSYSCLKSource), (16 bytes).
    Removing stm32f10x_rcc.o(i.RCC_HCLKConfig), (24 bytes).
    Removing stm32f10x_rcc.o(i.RCC_HSEConfig), (76 bytes).
    Removing stm32f10x_rcc.o(i.RCC_HSICmd), (12 bytes).
    Removing stm32f10x_rcc.o(i.RCC_ITConfig), (32 bytes).
    Removing stm32f10x_rcc.o(i.RCC_LSEConfig), (52 bytes).
    Removing stm32f10x_rcc.o(i.RCC_LSICmd), (12 bytes).
    Removing stm32f10x_rcc.o(i.RCC_MCOConfig), (12 bytes).
    Removing stm32f10x_rcc.o(i.RCC_PCLK1Config), (24 bytes).
    Removing stm32f10x_rcc.o(i.RCC_PCLK2Config), (24 bytes).
    Removing stm32f10x_rcc.o(i.RCC_PLLCmd), (12 bytes).
    Removing stm32f10x_rcc.o(i.RCC_PLLConfig), (28 bytes).
    Removing stm32f10x_rcc.o(i.RCC_RTCCLKCmd), (12 bytes).
    Removing stm32f10x_rcc.o(i.RCC_RTCCLKConfig), (16 bytes).
    Removing stm32f10x_rcc.o(i.RCC_SYSCLKConfig), (24 bytes).
    Removing stm32f10x_rcc.o(i.RCC_USBCLKConfig), (12 bytes).
    Removing stm32f10x_rcc.o(i.RCC_WaitForHSEStartUp), (56 bytes).
    Removing stm32f10x_rcc.o(.data), (20 bytes).
    Removing stm32f10x_rtc.o(i.RTC_ClearFlag), (16 bytes).
    Removing stm32f10x_rtc.o(i.RTC_ClearITPendingBit), (16 bytes).
    Removing stm32f10x_rtc.o(i.RTC_EnterConfigMode), (20 bytes).
    Removing stm32f10x_rtc.o(i.RTC_ExitConfigMode), (20 bytes).
    Removing stm32f10x_rtc.o(i.RTC_GetCounter), (20 bytes).
    Removing stm32f10x_rtc.o(i.RTC_GetDivider), (24 bytes).
    Removing stm32f10x_rtc.o(i.RTC_GetFlagStatus), (24 bytes).
    Removing stm32f10x_rtc.o(i.RTC_GetITStatus), (36 bytes).
    Removing stm32f10x_rtc.o(i.RTC_ITConfig), (32 bytes).
    Removing stm32f10x_rtc.o(i.RTC_SetAlarm), (28 bytes).
    Removing stm32f10x_rtc.o(i.RTC_SetCounter), (28 bytes).
    Removing stm32f10x_rtc.o(i.RTC_SetPrescaler), (32 bytes).
    Removing stm32f10x_rtc.o(i.RTC_WaitForLastTask), (20 bytes).
    Removing stm32f10x_rtc.o(i.RTC_WaitForSynchro), (36 bytes).
    Removing core_cm3.o(.emb_text), (32 bytes).
    Removing sys.o(.emb_text), (6 bytes).
    Removing sys.o(i.INTX_DISABLE), (4 bytes).
    Removing sys.o(i.INTX_ENABLE), (4 bytes).
    Removing sys.o(i.WFI_SET), (4 bytes).
    Removing delay.o(i.delay_ms), (76 bytes).
    Removing delay.o(i.delay_us), (76 bytes).
    Removing led.o(i.LED_Flash), (40 bytes).
    Removing oled.o(i.OLED_Display_Off), (28 bytes).
    Removing oled.o(i.OLED_Display_On), (28 bytes).
    Removing oled.o(i.OLED_DrawArc), (6 bytes).
    Removing oled.o(i.OLED_DrawCircle), (170 bytes).
    Removing oled.o(i.OLED_DrawEllipse), (708 bytes).
    Removing oled.o(i.OLED_DrawLine_Angle), (172 bytes).
    Removing oled.o(i.OLED_Draw_4_Pixels), (76 bytes).
    Removing oled.o(i.OLED_Draw_4_Pixels_Lines), (68 bytes).
    Removing oled.o(i.OLED_Draw_4_Pixels_Rotate_Lines), (536 bytes).
    Removing oled.o(i.OLED_Draw_8_Pixels), (164 bytes).
    Removing oled.o(i.OLED_Draw_8_Pixels_Lines), (176 bytes).
    Removing oled.o(i.OLED_Draw_Filled_Circle), (170 bytes).
    Removing oled.o(i.OLED_Draw_Filled_Cube), (58 bytes).
    Removing oled.o(i.OLED_Draw_Filled_Ellipse), (708 bytes).
    Removing oled.o(i.OLED_Draw_Filled_Ellipse_Rotate), (696 bytes).
    Removing oled.o(i.OLED_Draw_Fish), (6 bytes).
    Removing oled.o(i.OLED_Draw_Nuno_Triangle), (2 bytes).
    Removing oled.o(i.OLED_Draw_Rounded_Cube_Fillet_Overflow_Erasure_Method), (596 bytes).
    Removing oled.o(i.OLED_Draw_Two_Vertical_Ellipses), (708 bytes).
    Removing oled.o(i.OLED_Fill), (58 bytes).
    Removing oled.o(i.OLED_ReadPoint), (84 bytes).
    Removing oled.o(i.OLED_ShowBMP), (198 bytes).
    Removing oled.o(i.OLED_ShowChar), (268 bytes).
    Removing oled.o(i.OLED_ShowNum), (148 bytes).
    Removing oled.o(i.OLED_ShowString), (102 bytes).
    Removing oled.o(i.mypow), (22 bytes).
    Removing oled.o(.constdata), (6080 bytes).
    Removing screen.o(i.Judge_Ball_is_Out_of_Bounds), (54 bytes).
    Removing screen.o(i.Judge_Two_Balls_is_Embed), (106 bytes).
    Removing screen.o(i.OLED_Draw_Filling_Circle), (106 bytes).
    Removing screen.o(i.OLED_Draw_Rotating_Line_Angle), (70 bytes).
    Removing screen.o(i.OLED_Show_Boncing_Ball), (476 bytes).
    Removing screen.o(i.OLED_Show_Cube_to_LikeCircle_Fillet_Overflow), (150 bytes).
    Removing screen.o(i.OLED_Show_Filling_Circle_to_Whole_Screen), (132 bytes).
    Removing screen.o(i.OLED_Show_Live_of_Circle), (84 bytes).
    Removing screen.o(i.OLED_Show_Picture), (56 bytes).
    Removing screen.o(i.OLED_Show_Rotating_Filled_Ellipse), (82 bytes).
    Removing screen.o(.data), (8 bytes).
    Removing main.o(.data), (2048 bytes).
    Removing system_stm32f10x.o(i.SystemCoreClockUpdate), (164 bytes).

165 unused section(s) (total 19824 bytes) removed from the image.

==============================================================================

Image Symbol Table

    Local Symbols

    Symbol Name                              Value     Ov Type        Size  Object(Section)

    ../clib/angel/boardlib.s                 0x00000000   Number         0  boardshut.o ABSOLUTE
    ../clib/angel/boardlib.s                 0x00000000   Number         0  boardinit1.o ABSOLUTE
    ../clib/angel/boardlib.s                 0x00000000   Number         0  boardinit2.o ABSOLUTE
    ../clib/angel/boardlib.s                 0x00000000   Number         0  boardinit3.o ABSOLUTE
    ../clib/angel/handlers.s                 0x00000000   Number         0  __scatter_copy.o ABSOLUTE
    ../clib/angel/handlers.s                 0x00000000   Number         0  __scatter_zi.o ABSOLUTE
    ../clib/angel/kernel.s                   0x00000000   Number         0  __rtentry2.o ABSOLUTE
    ../clib/angel/kernel.s                   0x00000000   Number         0  __rtentry4.o ABSOLUTE
    ../clib/angel/kernel.s                   0x00000000   Number         0  rtexit2.o ABSOLUTE
    ../clib/angel/kernel.s                   0x00000000   Number         0  __rtentry.o ABSOLUTE
    ../clib/angel/kernel.s                   0x00000000   Number         0  rtexit.o ABSOLUTE
    ../clib/angel/rt.s                       0x00000000   Number         0  rt_errno_addr.o ABSOLUTE
    ../clib/angel/rt.s                       0x00000000   Number         0  rt_errno_addr_intlibspace.o ABSOLUTE
    ../clib/angel/rt.s                       0x00000000   Number         0  rt_raise.o ABSOLUTE
    ../clib/angel/scatter.s                  0x00000000   Number         0  __scatter.o ABSOLUTE
    ../clib/angel/startup.s                  0x00000000   Number         0  __main.o ABSOLUTE
    ../clib/angel/sys.s                      0x00000000   Number         0  sys_stackheap_outer.o ABSOLUTE
    ../clib/angel/sys.s                      0x00000000   Number         0  indicate_semi.o ABSOLUTE
    ../clib/angel/sys.s                      0x00000000   Number         0  libspace.o ABSOLUTE
    ../clib/angel/sys.s                      0x00000000   Number         0  use_no_semi.o ABSOLUTE
    ../clib/angel/sysapp.c                   0x00000000   Number         0  sys_exit.o ABSOLUTE
    ../clib/angel/sysapp.c                   0x00000000   Number         0  sys_wrch.o ABSOLUTE
    ../clib/angel/sysapp.c                   0x00000000   Number         0  sys_command.o ABSOLUTE
    ../clib/armsys.c                         0x00000000   Number         0  argv_veneer.o ABSOLUTE
    ../clib/armsys.c                         0x00000000   Number         0  argv_veneer.o ABSOLUTE
    ../clib/armsys.c                         0x00000000   Number         0  no_argv.o ABSOLUTE
    ../clib/armsys.c                         0x00000000   Number         0  _get_argv_nomalloc.o ABSOLUTE
    ../clib/fenv.c                           0x00000000   Number         0  _rserrno.o ABSOLUTE
    ../clib/heapalloc.c                      0x00000000   Number         0  hrguard.o ABSOLUTE
    ../clib/heapaux.c                        0x00000000   Number         0  heapauxi.o ABSOLUTE
    ../clib/libinit.s                        0x00000000   Number         0  libshutdown2.o ABSOLUTE
    ../clib/libinit.s                        0x00000000   Number         0  libshutdown.o ABSOLUTE
    ../clib/libinit.s                        0x00000000   Number         0  libinit.o ABSOLUTE
    ../clib/libinit.s                        0x00000000   Number         0  libinit2.o ABSOLUTE
    ../clib/signal.c                         0x00000000   Number         0  defsig_exit.o ABSOLUTE
    ../clib/signal.c                         0x00000000   Number         0  defsig_rtred_inner.o ABSOLUTE
    ../clib/signal.c                         0x00000000   Number         0  defsig_rtmem_outer.o ABSOLUTE
    ../clib/signal.c                         0x00000000   Number         0  defsig_general.o ABSOLUTE
    ../clib/signal.c                         0x00000000   Number         0  defsig_rtmem_formal.o ABSOLUTE
    ../clib/signal.c                         0x00000000   Number         0  defsig_other.o ABSOLUTE
    ../clib/signal.c                         0x00000000   Number         0  defsig_segv_inner.o ABSOLUTE
    ../clib/signal.c                         0x00000000   Number         0  defsig_cppl_inner.o ABSOLUTE
    ../clib/signal.c                         0x00000000   Number         0  defsig_pvfn_inner.o ABSOLUTE
    ../clib/signal.c                         0x00000000   Number         0  defsig_stak_inner.o ABSOLUTE
    ../clib/signal.c                         0x00000000   Number         0  defsig_fpe_inner.o ABSOLUTE
    ../clib/signal.c                         0x00000000   Number         0  defsig_abrt_inner.o ABSOLUTE
    ../clib/signal.c                         0x00000000   Number         0  __raise.o ABSOLUTE
    ../clib/signal.c                         0x00000000   Number         0  defsig_rtmem_inner.o ABSOLUTE
    ../clib/signal.s                         0x00000000   Number         0  defsig.o ABSOLUTE
    ../clib/stdlib.c                         0x00000000   Number         0  rand.o ABSOLUTE
    ../clib/stdlib.c                         0x00000000   Number         0  rand.o ABSOLUTE
    ../clib/stdlib.c                         0x00000000   Number         0  exit.o ABSOLUTE
    ../fplib/d2f.s                           0x00000000   Number         0  d2f.o ABSOLUTE
    ../fplib/daddsub.s                       0x00000000   Number         0  daddsub_clz.o ABSOLUTE
    ../fplib/dcheck1.s                       0x00000000   Number         0  dcheck1.o ABSOLUTE
    ../fplib/dcmpi.s                         0x00000000   Number         0  dcmpi.o ABSOLUTE
    ../fplib/ddiv.s                          0x00000000   Number         0  ddiv.o ABSOLUTE
    ../fplib/dfix.s                          0x00000000   Number         0  dfix.o ABSOLUTE
    ../fplib/dfixu.s                         0x00000000   Number         0  dfixu.o ABSOLUTE
    ../fplib/dflt.s                          0x00000000   Number         0  dflt_clz.o ABSOLUTE
    ../fplib/dleqf.s                         0x00000000   Number         0  dleqf.o ABSOLUTE
    ../fplib/dmul.s                          0x00000000   Number         0  dmul.o ABSOLUTE
    ../fplib/dnaninf.s                       0x00000000   Number         0  dnaninf.o ABSOLUTE
    ../fplib/dretinf.s                       0x00000000   Number         0  dretinf.o ABSOLUTE
    ../fplib/drleqf.s                        0x00000000   Number         0  drleqf.o ABSOLUTE
    ../fplib/dsqrt.s                         0x00000000   Number         0  dsqrt_noumaal.o ABSOLUTE
    ../fplib/f2d.s                           0x00000000   Number         0  f2d.o ABSOLUTE
    ../fplib/faddsub.s                       0x00000000   Number         0  faddsub_clz.o ABSOLUTE
    ../fplib/fcmpi.s                         0x00000000   Number         0  fcmpi.o ABSOLUTE
    ../fplib/ffix.s                          0x00000000   Number         0  ffix.o ABSOLUTE
    ../fplib/ffixu.s                         0x00000000   Number         0  ffixu.o ABSOLUTE
    ../fplib/fflt.s                          0x00000000   Number         0  fflt_clz.o ABSOLUTE
    ../fplib/fleqf.s                         0x00000000   Number         0  fleqf.o ABSOLUTE
    ../fplib/fmul.s                          0x00000000   Number         0  fmul.o ABSOLUTE
    ../fplib/fnaninf.s                       0x00000000   Number         0  fnaninf.o ABSOLUTE
    ../fplib/fpinit.s                        0x00000000   Number         0  fpinit.o ABSOLUTE
    ../fplib/fretinf.s                       0x00000000   Number         0  fretinf.o ABSOLUTE
    ../fplib/retnan.s                        0x00000000   Number         0  retnan.o ABSOLUTE
    ../fplib/scalbn.s                        0x00000000   Number         0  scalbn.o ABSOLUTE
    ../fplib/trapv.s                         0x00000000   Number         0  trapv.o ABSOLUTE
    ../fplib/usenofp.s                       0x00000000   Number         0  usenofp.o ABSOLUTE
    ../mathlib/cos.c                         0x00000000   Number         0  cos_x.o ABSOLUTE
    ../mathlib/cos.c                         0x00000000   Number         0  cos.o ABSOLUTE
    ../mathlib/cos_i.c                       0x00000000   Number         0  cos_i.o ABSOLUTE
    ../mathlib/dunder.c                      0x00000000   Number         0  dunder.o ABSOLUTE
    ../mathlib/fpclassify.c                  0x00000000   Number         0  fpclassify.o ABSOLUTE
    ../mathlib/poly.c                        0x00000000   Number         0  poly.o ABSOLUTE
    ../mathlib/pow.c                         0x00000000   Number         0  pow.o ABSOLUTE
    ../mathlib/pow.c                         0x00000000   Number         0  pow_x.o ABSOLUTE
    ../mathlib/qnan.c                        0x00000000   Number         0  qnan.o ABSOLUTE
    ../mathlib/rred.c                        0x00000000   Number         0  rred.o ABSOLUTE
    ../mathlib/sin.c                         0x00000000   Number         0  sin.o ABSOLUTE
    ../mathlib/sin.c                         0x00000000   Number         0  sin_x.o ABSOLUTE
    ../mathlib/sin_i.c                       0x00000000   Number         0  sin_i.o ABSOLUTE
    ../mathlib/sin_i.c                       0x00000000   Number         0  sin_i_x.o ABSOLUTE
    ../mathlib/sqrt.c                        0x00000000   Number         0  sqrt_x.o ABSOLUTE
    ../mathlib/sqrt.c                        0x00000000   Number         0  sqrt.o ABSOLUTE
    ..\Core\Startup\startup_stm32f10x_md.s   0x00000000   Number         0  startup_stm32f10x_md.o ABSOLUTE
    ..\Core\core_cm3.c                       0x00000000   Number         0  core_cm3.o ABSOLUTE
    ..\FWLIB\src\misc.c                      0x00000000   Number         0  misc.o ABSOLUTE
    ..\FWLIB\src\stm32f10x_gpio.c            0x00000000   Number         0  stm32f10x_gpio.o ABSOLUTE
    ..\FWLIB\src\stm32f10x_rcc.c             0x00000000   Number         0  stm32f10x_rcc.o ABSOLUTE
    ..\FWLIB\src\stm32f10x_rtc.c             0x00000000   Number         0  stm32f10x_rtc.o ABSOLUTE
    ..\FWLIB\src\stm32f10x_spi.c             0x00000000   Number         0  stm32f10x_spi.o ABSOLUTE
    ..\FWLIB\src\stm32f10x_usart.c           0x00000000   Number         0  stm32f10x_usart.o ABSOLUTE
    ..\Hardware\LED\led.c                    0x00000000   Number         0  led.o ABSOLUTE
    ..\Hardware\OLED\oled.c                  0x00000000   Number         0  oled.o ABSOLUTE
    ..\Hardware\OLED\screen.c                0x00000000   Number         0  screen.o ABSOLUTE
    ..\Software\spi\spi.c                    0x00000000   Number         0  spi.o ABSOLUTE
    ..\System\SYS\sys.c                      0x00000000   Number         0  sys.o ABSOLUTE
    ..\System\delay\delay.c                  0x00000000   Number         0  delay.o ABSOLUTE
    ..\User\main.c                           0x00000000   Number         0  main.o ABSOLUTE
    ..\User\stm32f10x_it.c                   0x00000000   Number         0  stm32f10x_it.o ABSOLUTE
    ..\User\system_stm32f10x.c               0x00000000   Number         0  system_stm32f10x.o ABSOLUTE
    ..\\Core\\core_cm3.c                     0x00000000   Number         0  core_cm3.o ABSOLUTE
    ..\\System\\SYS\\sys.c                   0x00000000   Number         0  sys.o ABSOLUTE
    dc.s                                     0x00000000   Number         0  dc.o ABSOLUTE
    RESET                                    0x08000000   Section      236  startup_stm32f10x_md.o(RESET)
    !!!main                                  0x080000ec   Section        8  __main.o(!!!main)
    !!!scatter                               0x080000f4   Section       52  __scatter.o(!!!scatter)
    !!handler_copy                           0x08000128   Section       26  __scatter_copy.o(!!handler_copy)
    !!handler_zi                             0x08000144   Section       28  __scatter_zi.o(!!handler_zi)
    .ARM.Collect$$libinit$$00000000          0x08000160   Section        2  libinit.o(.ARM.Collect$$libinit$$00000000)
    .ARM.Collect$$libinit$$00000002          0x08000162   Section        0  libinit2.o(.ARM.Collect$$libinit$$00000002)
    .ARM.Collect$$libinit$$00000004          0x08000162   Section        0  libinit2.o(.ARM.Collect$$libinit$$00000004)
    .ARM.Collect$$libinit$$0000000A          0x08000162   Section        0  libinit2.o(.ARM.Collect$$libinit$$0000000A)
    .ARM.Collect$$libinit$$0000000C          0x08000162   Section        0  libinit2.o(.ARM.Collect$$libinit$$0000000C)
    .ARM.Collect$$libinit$$0000000E          0x08000162   Section        0  libinit2.o(.ARM.Collect$$libinit$$0000000E)
    .ARM.Collect$$libinit$$00000011          0x08000162   Section        0  libinit2.o(.ARM.Collect$$libinit$$00000011)
    .ARM.Collect$$libinit$$00000013          0x08000162   Section        0  libinit2.o(.ARM.Collect$$libinit$$00000013)
    .ARM.Collect$$libinit$$00000015          0x08000162   Section        0  libinit2.o(.ARM.Collect$$libinit$$00000015)
    .ARM.Collect$$libinit$$00000017          0x08000162   Section        0  libinit2.o(.ARM.Collect$$libinit$$00000017)
    .ARM.Collect$$libinit$$00000019          0x08000162   Section        0  libinit2.o(.ARM.Collect$$libinit$$00000019)
    .ARM.Collect$$libinit$$0000001B          0x08000162   Section        0  libinit2.o(.ARM.Collect$$libinit$$0000001B)
    .ARM.Collect$$libinit$$0000001D          0x08000162   Section        0  libinit2.o(.ARM.Collect$$libinit$$0000001D)
    .ARM.Collect$$libinit$$0000001F          0x08000162   Section        0  libinit2.o(.ARM.Collect$$libinit$$0000001F)
    .ARM.Collect$$libinit$$00000021          0x08000162   Section        0  libinit2.o(.ARM.Collect$$libinit$$00000021)
    .ARM.Collect$$libinit$$00000023          0x08000162   Section        0  libinit2.o(.ARM.Collect$$libinit$$00000023)
    .ARM.Collect$$libinit$$00000025          0x08000162   Section        0  libinit2.o(.ARM.Collect$$libinit$$00000025)
    .ARM.Collect$$libinit$$0000002C          0x08000162   Section        0  libinit2.o(.ARM.Collect$$libinit$$0000002C)
    .ARM.Collect$$libinit$$0000002E          0x08000162   Section        0  libinit2.o(.ARM.Collect$$libinit$$0000002E)
    .ARM.Collect$$libinit$$00000030          0x08000162   Section        0  libinit2.o(.ARM.Collect$$libinit$$00000030)
    .ARM.Collect$$libinit$$00000032          0x08000162   Section        0  libinit2.o(.ARM.Collect$$libinit$$00000032)
    .ARM.Collect$$libinit$$00000033          0x08000162   Section        2  libinit2.o(.ARM.Collect$$libinit$$00000033)
    .ARM.Collect$$libshutdown$$00000000      0x08000164   Section        2  libshutdown.o(.ARM.Collect$$libshutdown$$00000000)
    .ARM.Collect$$libshutdown$$00000002      0x08000166   Section        0  libshutdown2.o(.ARM.Collect$$libshutdown$$00000002)
    .ARM.Collect$$libshutdown$$00000004      0x08000166   Section        0  libshutdown2.o(.ARM.Collect$$libshutdown$$00000004)
    .ARM.Collect$$libshutdown$$00000007      0x08000166   Section        0  libshutdown2.o(.ARM.Collect$$libshutdown$$00000007)
    .ARM.Collect$$libshutdown$$0000000A      0x08000166   Section        0  libshutdown2.o(.ARM.Collect$$libshutdown$$0000000A)
    .ARM.Collect$$libshutdown$$0000000C      0x08000166   Section        0  libshutdown2.o(.ARM.Collect$$libshutdown$$0000000C)
    .ARM.Collect$$libshutdown$$0000000F      0x08000166   Section        0  libshutdown2.o(.ARM.Collect$$libshutdown$$0000000F)
    .ARM.Collect$$libshutdown$$00000010      0x08000166   Section        2  libshutdown2.o(.ARM.Collect$$libshutdown$$00000010)
    .ARM.Collect$$rtentry$$00000000          0x08000168   Section        0  __rtentry.o(.ARM.Collect$$rtentry$$00000000)
    .ARM.Collect$$rtentry$$00000002          0x08000168   Section        0  __rtentry2.o(.ARM.Collect$$rtentry$$00000002)
    .ARM.Collect$$rtentry$$00000004          0x08000168   Section        6  __rtentry4.o(.ARM.Collect$$rtentry$$00000004)
    .ARM.Collect$$rtentry$$00000009          0x0800016e   Section        0  __rtentry2.o(.ARM.Collect$$rtentry$$00000009)
    .ARM.Collect$$rtentry$$0000000A          0x0800016e   Section        4  __rtentry2.o(.ARM.Collect$$rtentry$$0000000A)
    .ARM.Collect$$rtentry$$0000000C          0x08000172   Section        0  __rtentry2.o(.ARM.Collect$$rtentry$$0000000C)
    .ARM.Collect$$rtentry$$0000000D          0x08000172   Section        8  __rtentry2.o(.ARM.Collect$$rtentry$$0000000D)
    .ARM.Collect$$rtexit$$00000000           0x0800017a   Section        2  rtexit.o(.ARM.Collect$$rtexit$$00000000)
    .ARM.Collect$$rtexit$$00000002           0x0800017c   Section        0  rtexit2.o(.ARM.Collect$$rtexit$$00000002)
    .ARM.Collect$$rtexit$$00000003           0x0800017c   Section        4  rtexit2.o(.ARM.Collect$$rtexit$$00000003)
    .ARM.Collect$$rtexit$$00000004           0x08000180   Section        6  rtexit2.o(.ARM.Collect$$rtexit$$00000004)
    .text                                    0x08000188   Section       64  startup_stm32f10x_md.o(.text)
    .text                                    0x080001c8   Section        0  heapauxi.o(.text)
    .text                                    0x080001ce   Section        0  _rserrno.o(.text)
    .text                                    0x080001e4   Section        8  rt_errno_addr_intlibspace.o(.text)
    .text                                    0x080001ec   Section        8  libspace.o(.text)
    .text                                    0x080001f4   Section       74  sys_stackheap_outer.o(.text)
    .text                                    0x0800023e   Section        0  exit.o(.text)
    .text                                    0x08000250   Section        2  use_no_semi.o(.text)
    .text                                    0x08000252   Section        0  indicate_semi.o(.text)
    .text                                    0x08000254   Section        0  sys_exit.o(.text)
    i.BusFault_Handler                       0x08000260   Section        0  stm32f10x_it.o(i.BusFault_Handler)
    i.DebugMon_Handler                       0x08000264   Section        0  stm32f10x_it.o(i.DebugMon_Handler)
    i.Demo_01                                0x08000266   Section        0  screen.o(i.Demo_01)
    i.GPIO_Init                              0x08000306   Section        0  stm32f10x_gpio.o(i.GPIO_Init)
    i.GPIO_ResetBits                         0x0800041c   Section        0  stm32f10x_gpio.o(i.GPIO_ResetBits)
    i.GPIO_SetBits                           0x08000420   Section        0  stm32f10x_gpio.o(i.GPIO_SetBits)
    i.HardFault_Handler                      0x08000424   Section        0  stm32f10x_it.o(i.HardFault_Handler)
    i.LED_GPIO_Config                        0x08000428   Section        0  led.o(i.LED_GPIO_Config)
    i.LED_Init                               0x0800045c   Section        0  led.o(i.LED_Init)
    i.MemManage_Handler                      0x08000470   Section        0  stm32f10x_it.o(i.MemManage_Handler)
    i.My_SPI_Init                            0x08000474   Section        0  spi.o(i.My_SPI_Init)
    i.NMI_Handler                            0x080004d4   Section        0  stm32f10x_it.o(i.NMI_Handler)
    i.OLED_Clear                             0x080004d8   Section        0  oled.o(i.OLED_Clear)
    i.OLED_DrawCube                          0x08000508   Section        0  oled.o(i.OLED_DrawCube)
    i.OLED_DrawCube_Intelligent_Overflow     0x08000554   Section        0  oled.o(i.OLED_DrawCube_Intelligent_Overflow)
    i.OLED_DrawEllipse_Rotate                0x08000788   Section        0  oled.o(i.OLED_DrawEllipse_Rotate)
    i.OLED_DrawLine                          0x08000a40   Section        0  oled.o(i.OLED_DrawLine)
    i.OLED_DrawPoint                         0x08000cbc   Section        0  oled.o(i.OLED_DrawPoint)
    i.OLED_Draw_4_Pixels_Rotate              0x08000d24   Section        0  oled.o(i.OLED_Draw_4_Pixels_Rotate)
    i.OLED_Draw_4_Pixels_Spread_Out_From_Center 0x08000f3c   Section        0  oled.o(i.OLED_Draw_4_Pixels_Spread_Out_From_Center)
    i.OLED_Draw_8_Pixels_Rotate              0x08000f9c   Section        0  oled.o(i.OLED_Draw_8_Pixels_Rotate)
    i.OLED_Draw_8_Pixels_Spread_Out_From_Center 0x08001412   Section        0  oled.o(i.OLED_Draw_8_Pixels_Spread_Out_From_Center)
    i.OLED_Draw_Rounded_Cube                 0x080014f2   Section        0  oled.o(i.OLED_Draw_Rounded_Cube)
    i.OLED_Draw_Rounded_Cube_Erasure_Method  0x080016d2   Section        0  oled.o(i.OLED_Draw_Rounded_Cube_Erasure_Method)
    i.OLED_Draw_Rounded_Cube_Fillet_Overflow 0x08001958   Section        0  oled.o(i.OLED_Draw_Rounded_Cube_Fillet_Overflow)
    i.OLED_Draw_Two_Vertical_Ellipses_Rotate 0x08001bac   Section        0  oled.o(i.OLED_Draw_Two_Vertical_Ellipses_Rotate)
    i.OLED_Refresh_Gram                      0x08001e64   Section        0  oled.o(i.OLED_Refresh_Gram)
    i.OLED_SPI_GPIO_Init                     0x08001eb0   Section        0  oled.o(i.OLED_SPI_GPIO_Init)
    OLED_SPI_GPIO_Init                       0x08001eb1   Thumb Code     8  oled.o(i.OLED_SPI_GPIO_Init)
    i.OLED_SPI_Init                          0x08001eb8   Section        0  oled.o(i.OLED_SPI_Init)
    i.OLED_Show_Cube_Catched_by_Elliipse     0x08001f8c   Section        0  screen.o(i.OLED_Show_Cube_Catched_by_Elliipse)
    i.OLED_Show_Cube_to_Circle               0x0800287c   Section        0  screen.o(i.OLED_Show_Cube_to_Circle)
    i.OLED_Show_Cube_to_LikeCircle           0x080029de   Section        0  screen.o(i.OLED_Show_Cube_to_LikeCircle)
    i.OLED_Show_DNA                          0x08002a74   Section        0  screen.o(i.OLED_Show_DNA)
    i.OLED_Show_Rotating_Ellipse             0x08002b1c   Section        0  screen.o(i.OLED_Show_Rotating_Ellipse)
    i.OLED_Show_Rotating_Telescoping_Two_Vertical_Ellipses 0x08002b68   Section        0  screen.o(i.OLED_Show_Rotating_Telescoping_Two_Vertical_Ellipses)
    i.OLED_Show_Rotating_Two_Vertical_Ellipses 0x08002bec   Section        0  screen.o(i.OLED_Show_Rotating_Two_Vertical_Ellipses)
    i.OLED_Show_Shrinking_Cube               0x08002c38   Section        0  screen.o(i.OLED_Show_Shrinking_Cube)
    i.OLED_Show_Sliding_Door                 0x08002c98   Section        0  screen.o(i.OLED_Show_Sliding_Door)
    i.OLED_WR_Byte                           0x08002dfc   Section        0  oled.o(i.OLED_WR_Byte)
    OLED_WR_Byte                             0x08002dfd   Thumb Code   108  oled.o(i.OLED_WR_Byte)
    i.PendSV_Handler                         0x08002e70   Section        0  stm32f10x_it.o(i.PendSV_Handler)
    i.RCC_APB2PeriphClockCmd                 0x08002e74   Section        0  stm32f10x_rcc.o(i.RCC_APB2PeriphClockCmd)
    i.SVC_Handler                            0x08002e94   Section        0  stm32f10x_it.o(i.SVC_Handler)
    i.SetSysClock                            0x08002e96   Section        0  system_stm32f10x.o(i.SetSysClock)
    SetSysClock                              0x08002e97   Thumb Code     8  system_stm32f10x.o(i.SetSysClock)
    i.SetSysClockTo72                        0x08002ea0   Section        0  system_stm32f10x.o(i.SetSysClockTo72)
    SetSysClockTo72                          0x08002ea1   Thumb Code   214  system_stm32f10x.o(i.SetSysClockTo72)
    i.SysTick_CLKSourceConfig                0x08002f80   Section        0  misc.o(i.SysTick_CLKSourceConfig)
    i.SysTick_Handler                        0x08002fa8   Section        0  stm32f10x_it.o(i.SysTick_Handler)
    i.SystemInit                             0x08002fac   Section        0  system_stm32f10x.o(i.SystemInit)
    i.UsageFault_Handler                     0x0800300c   Section        0  stm32f10x_it.o(i.UsageFault_Handler)
    i.__ARM_fpclassify                       0x08003010   Section        0  fpclassify.o(i.__ARM_fpclassify)
    i.__ieee754_rem_pio2                     0x08003038   Section        0  rred.o(i.__ieee754_rem_pio2)
    i.__kernel_cos                           0x080033c0   Section        0  cos_i.o(i.__kernel_cos)
    i.__kernel_poly                          0x080034bc   Section        0  poly.o(i.__kernel_poly)
    i.__kernel_sin                           0x08003568   Section        0  sin_i.o(i.__kernel_sin)
    i.__mathlib_dbl_infnan                   0x08003654   Section        0  dunder.o(i.__mathlib_dbl_infnan)
    i.__mathlib_dbl_invalid                  0x0800365a   Section        0  dunder.o(i.__mathlib_dbl_invalid)
    i.__mathlib_dbl_underflow                0x08003668   Section        0  dunder.o(i.__mathlib_dbl_underflow)
    i.cos                                    0x08003678   Section        0  cos.o(i.cos)
    i.delay_init                             0x08003714   Section        0  delay.o(i.delay_init)
    i.main                                   0x08003758   Section        0  main.o(i.main)
    i.sin                                    0x0800377c   Section        0  sin.o(i.sin)
    x$fpl$d2f                                0x0800381c   Section       98  d2f.o(x$fpl$d2f)
    x$fpl$dadd                               0x08003880   Section      336  daddsub_clz.o(x$fpl$dadd)
    _dadd1                                   0x08003891   Thumb Code     0  daddsub_clz.o(x$fpl$dadd)
    x$fpl$dcheck1                            0x080039d0   Section       16  dcheck1.o(x$fpl$dcheck1)
    x$fpl$dcmpinf                            0x080039e0   Section       24  dcmpi.o(x$fpl$dcmpinf)
    x$fpl$ddiv                               0x080039f8   Section      688  ddiv.o(x$fpl$ddiv)
    ddiv_entry                               0x080039ff   Thumb Code     0  ddiv.o(x$fpl$ddiv)
    x$fpl$dfix                               0x08003ca8   Section       94  dfix.o(x$fpl$dfix)
    x$fpl$dfixu                              0x08003d08   Section       90  dfixu.o(x$fpl$dfixu)
    x$fpl$dflt                               0x08003d62   Section       46  dflt_clz.o(x$fpl$dflt)
    x$fpl$dfltu                              0x08003d90   Section       38  dflt_clz.o(x$fpl$dfltu)
    x$fpl$dleqf                              0x08003db8   Section      120  dleqf.o(x$fpl$dleqf)
    x$fpl$dmul                               0x08003e30   Section      340  dmul.o(x$fpl$dmul)
    x$fpl$dnaninf                            0x08003f84   Section      156  dnaninf.o(x$fpl$dnaninf)
    x$fpl$dretinf                            0x08004020   Section       12  dretinf.o(x$fpl$dretinf)
    x$fpl$drsb                               0x0800402c   Section       22  daddsub_clz.o(x$fpl$drsb)
    x$fpl$dsub                               0x08004044   Section      468  daddsub_clz.o(x$fpl$dsub)
    _dsub1                                   0x08004055   Thumb Code     0  daddsub_clz.o(x$fpl$dsub)
    x$fpl$f2d                                0x08004218   Section       86  f2d.o(x$fpl$f2d)
    x$fpl$fadd                               0x08004270   Section      196  faddsub_clz.o(x$fpl$fadd)
    _fadd1                                   0x0800427f   Thumb Code     0  faddsub_clz.o(x$fpl$fadd)
    x$fpl$fcmpinf                            0x08004334   Section       24  fcmpi.o(x$fpl$fcmpinf)
    x$fpl$ffixu                              0x0800434c   Section       62  ffixu.o(x$fpl$ffixu)
    x$fpl$fflt                               0x0800438c   Section       48  fflt_clz.o(x$fpl$fflt)
    x$fpl$ffltu                              0x080043bc   Section       38  fflt_clz.o(x$fpl$ffltu)
    x$fpl$fleqf                              0x080043e4   Section      104  fleqf.o(x$fpl$fleqf)
    x$fpl$fmul                               0x0800444c   Section      258  fmul.o(x$fpl$fmul)
    x$fpl$fnaninf                            0x0800454e   Section      140  fnaninf.o(x$fpl$fnaninf)
    x$fpl$fretinf                            0x080045da   Section       10  fretinf.o(x$fpl$fretinf)
    x$fpl$fsub                               0x080045e4   Section      234  faddsub_clz.o(x$fpl$fsub)
    _fsub1                                   0x080045f3   Thumb Code     0  faddsub_clz.o(x$fpl$fsub)
    x$fpl$retnan                             0x080046ce   Section      100  retnan.o(x$fpl$retnan)
    x$fpl$scalbn                             0x08004732   Section       92  scalbn.o(x$fpl$scalbn)
    x$fpl$trapveneer                         0x0800478e   Section       48  trapv.o(x$fpl$trapveneer)
    x$fpl$usenofp                            0x080047be   Section        0  usenofp.o(x$fpl$usenofp)
    .constdata                               0x080047c0   Section       48  cos_i.o(.constdata)
    C                                        0x080047c0   Data          48  cos_i.o(.constdata)
    .constdata                               0x080047f0   Section      200  rred.o(.constdata)
    pio2s                                    0x080047f0   Data          48  rred.o(.constdata)
    twooverpi                                0x08004820   Data         152  rred.o(.constdata)
    .constdata                               0x080048b8   Section       40  sin_i.o(.constdata)
    S                                        0x080048b8   Data          40  sin_i.o(.constdata)
    .data                                    0x20000000   Section        4  delay.o(.data)
    fac_us                                   0x20000000   Data           1  delay.o(.data)
    fac_ms                                   0x20000002   Data           2  delay.o(.data)
    .data                                    0x20000004   Section       20  system_stm32f10x.o(.data)
    .bss                                     0x20000018   Section     1024  oled.o(.bss)
    .bss                                     0x20000418   Section       96  libspace.o(.bss)
    HEAP                                     0x20000478   Section      512  startup_stm32f10x_md.o(HEAP)
    Heap_Mem                                 0x20000478   Data         512  startup_stm32f10x_md.o(HEAP)
    STACK                                    0x20000678   Section     1024  startup_stm32f10x_md.o(STACK)
    Stack_Mem                                0x20000678   Data        1024  startup_stm32f10x_md.o(STACK)
    __initial_sp                             0x20000a78   Data           0  startup_stm32f10x_md.o(STACK)

    Global Symbols

    Symbol Name                              Value     Ov Type        Size  Object(Section)

    BuildAttributes$$THM_ISAv4$P$D$K$B$S$PE$A:L22UL41UL21$X:L11$S22US41US21$IEEE1$IW$USESV6$~STKCKD$USESV7$~SHL$OTIME$ROPI$IEEEX$EBA8$UX$STANDARDLIB$REQ8$PRES8$EABIv2 0x00000000   Number         0  anon$$obj.o ABSOLUTE
    __ARM_use_no_argv                        0x00000000   Number         0  main.o ABSOLUTE
    __ARM_exceptions_init                     - Undefined Weak Reference
    __alloca_initialize                       - Undefined Weak Reference
    __arm_preinit_                            - Undefined Weak Reference
    __cpp_initialize__aeabi_                  - Undefined Weak Reference
    __cxa_finalize                            - Undefined Weak Reference
    __rt_locale                               - Undefined Weak Reference
    __sigvec_lookup                           - Undefined Weak Reference
    _atexit_init                              - Undefined Weak Reference
    _call_atexit_fns                          - Undefined Weak Reference
    _clock_init                               - Undefined Weak Reference
    _fp_trap_init                             - Undefined Weak Reference
    _fp_trap_shutdown                         - Undefined Weak Reference
    _get_lc_collate                           - Undefined Weak Reference
    _get_lc_ctype                             - Undefined Weak Reference
    _get_lc_monetary                          - Undefined Weak Reference
    _get_lc_numeric                           - Undefined Weak Reference
    _get_lc_time                              - Undefined Weak Reference
    _getenv_init                              - Undefined Weak Reference
    _handle_redirection                       - Undefined Weak Reference
    _init_alloc                               - Undefined Weak Reference
    _init_user_alloc                          - Undefined Weak Reference
    _initio                                   - Undefined Weak Reference
    _signal_finish                            - Undefined Weak Reference
    _signal_init                              - Undefined Weak Reference
    _terminate_alloc                          - Undefined Weak Reference
    _terminate_user_alloc                     - Undefined Weak Reference
    _terminateio                              - Undefined Weak Reference
    __Vectors_Size                           0x000000ec   Number         0  startup_stm32f10x_md.o ABSOLUTE
    __Vectors                                0x08000000   Data           4  startup_stm32f10x_md.o(RESET)
    __Vectors_End                            0x080000ec   Data           0  startup_stm32f10x_md.o(RESET)
    __main                                   0x080000ed   Thumb Code     8  __main.o(!!!main)
    __scatterload                            0x080000f5   Thumb Code     0  __scatter.o(!!!scatter)
    __scatterload_rt2                        0x080000f5   Thumb Code    44  __scatter.o(!!!scatter)
    __scatterload_rt2_thumb_only             0x080000f5   Thumb Code     0  __scatter.o(!!!scatter)
    __scatterload_null                       0x08000103   Thumb Code     0  __scatter.o(!!!scatter)
    __scatterload_copy                       0x08000129   Thumb Code    26  __scatter_copy.o(!!handler_copy)
    __scatterload_zeroinit                   0x08000145   Thumb Code    28  __scatter_zi.o(!!handler_zi)
    __rt_lib_init                            0x08000161   Thumb Code     0  libinit.o(.ARM.Collect$$libinit$$00000000)
    __rt_lib_init_alloca_1                   0x08000163   Thumb Code     0  libinit2.o(.ARM.Collect$$libinit$$0000002E)
    __rt_lib_init_argv_1                     0x08000163   Thumb Code     0  libinit2.o(.ARM.Collect$$libinit$$0000002C)
    __rt_lib_init_atexit_1                   0x08000163   Thumb Code     0  libinit2.o(.ARM.Collect$$libinit$$0000001B)
    __rt_lib_init_clock_1                    0x08000163   Thumb Code     0  libinit2.o(.ARM.Collect$$libinit$$00000021)
    __rt_lib_init_cpp_1                      0x08000163   Thumb Code     0  libinit2.o(.ARM.Collect$$libinit$$00000032)
    __rt_lib_init_exceptions_1               0x08000163   Thumb Code     0  libinit2.o(.ARM.Collect$$libinit$$00000030)
    __rt_lib_init_fp_1                       0x08000163   Thumb Code     0  libinit2.o(.ARM.Collect$$libinit$$00000002)
    __rt_lib_init_fp_trap_1                  0x08000163   Thumb Code     0  libinit2.o(.ARM.Collect$$libinit$$0000001F)
    __rt_lib_init_getenv_1                   0x08000163   Thumb Code     0  libinit2.o(.ARM.Collect$$libinit$$00000023)
    __rt_lib_init_heap_1                     0x08000163   Thumb Code     0  libinit2.o(.ARM.Collect$$libinit$$0000000A)
    __rt_lib_init_lc_collate_1               0x08000163   Thumb Code     0  libinit2.o(.ARM.Collect$$libinit$$00000011)
    __rt_lib_init_lc_ctype_1                 0x08000163   Thumb Code     0  libinit2.o(.ARM.Collect$$libinit$$00000013)
    __rt_lib_init_lc_monetary_1              0x08000163   Thumb Code     0  libinit2.o(.ARM.Collect$$libinit$$00000015)
    __rt_lib_init_lc_numeric_1               0x08000163   Thumb Code     0  libinit2.o(.ARM.Collect$$libinit$$00000017)
    __rt_lib_init_lc_time_1                  0x08000163   Thumb Code     0  libinit2.o(.ARM.Collect$$libinit$$00000019)
    __rt_lib_init_preinit_1                  0x08000163   Thumb Code     0  libinit2.o(.ARM.Collect$$libinit$$00000004)
    __rt_lib_init_rand_1                     0x08000163   Thumb Code     0  libinit2.o(.ARM.Collect$$libinit$$0000000E)
    __rt_lib_init_return                     0x08000163   Thumb Code     0  libinit2.o(.ARM.Collect$$libinit$$00000033)
    __rt_lib_init_signal_1                   0x08000163   Thumb Code     0  libinit2.o(.ARM.Collect$$libinit$$0000001D)
    __rt_lib_init_stdio_1                    0x08000163   Thumb Code     0  libinit2.o(.ARM.Collect$$libinit$$00000025)
    __rt_lib_init_user_alloc_1               0x08000163   Thumb Code     0  libinit2.o(.ARM.Collect$$libinit$$0000000C)
    __rt_lib_shutdown                        0x08000165   Thumb Code     0  libshutdown.o(.ARM.Collect$$libshutdown$$00000000)
    __rt_lib_shutdown_cpp_1                  0x08000167   Thumb Code     0  libshutdown2.o(.ARM.Collect$$libshutdown$$00000002)
    __rt_lib_shutdown_fp_trap_1              0x08000167   Thumb Code     0  libshutdown2.o(.ARM.Collect$$libshutdown$$00000007)
    __rt_lib_shutdown_heap_1                 0x08000167   Thumb Code     0  libshutdown2.o(.ARM.Collect$$libshutdown$$0000000F)
    __rt_lib_shutdown_return                 0x08000167   Thumb Code     0  libshutdown2.o(.ARM.Collect$$libshutdown$$00000010)
    __rt_lib_shutdown_signal_1               0x08000167   Thumb Code     0  libshutdown2.o(.ARM.Collect$$libshutdown$$0000000A)
    __rt_lib_shutdown_stdio_1                0x08000167   Thumb Code     0  libshutdown2.o(.ARM.Collect$$libshutdown$$00000004)
    __rt_lib_shutdown_user_alloc_1           0x08000167   Thumb Code     0  libshutdown2.o(.ARM.Collect$$libshutdown$$0000000C)
    __rt_entry                               0x08000169   Thumb Code     0  __rtentry.o(.ARM.Collect$$rtentry$$00000000)
    __rt_entry_presh_1                       0x08000169   Thumb Code     0  __rtentry2.o(.ARM.Collect$$rtentry$$00000002)
    __rt_entry_sh                            0x08000169   Thumb Code     0  __rtentry4.o(.ARM.Collect$$rtentry$$00000004)
    __rt_entry_li                            0x0800016f   Thumb Code     0  __rtentry2.o(.ARM.Collect$$rtentry$$0000000A)
    __rt_entry_postsh_1                      0x0800016f   Thumb Code     0  __rtentry2.o(.ARM.Collect$$rtentry$$00000009)
    __rt_entry_main                          0x08000173   Thumb Code     0  __rtentry2.o(.ARM.Collect$$rtentry$$0000000D)
    __rt_entry_postli_1                      0x08000173   Thumb Code     0  __rtentry2.o(.ARM.Collect$$rtentry$$0000000C)
    __rt_exit                                0x0800017b   Thumb Code     0  rtexit.o(.ARM.Collect$$rtexit$$00000000)
    __rt_exit_ls                             0x0800017d   Thumb Code     0  rtexit2.o(.ARM.Collect$$rtexit$$00000003)
    __rt_exit_prels_1                        0x0800017d   Thumb Code     0  rtexit2.o(.ARM.Collect$$rtexit$$00000002)
    __rt_exit_exit                           0x08000181   Thumb Code     0  rtexit2.o(.ARM.Collect$$rtexit$$00000004)
    Reset_Handler                            0x08000189   Thumb Code     8  startup_stm32f10x_md.o(.text)
    ADC1_2_IRQHandler                        0x080001a3   Thumb Code     0  startup_stm32f10x_md.o(.text)
    CAN1_RX1_IRQHandler                      0x080001a3   Thumb Code     0  startup_stm32f10x_md.o(.text)
    CAN1_SCE_IRQHandler                      0x080001a3   Thumb Code     0  startup_stm32f10x_md.o(.text)
    DMA1_Channel1_IRQHandler                 0x080001a3   Thumb Code     0  startup_stm32f10x_md.o(.text)
    DMA1_Channel2_IRQHandler                 0x080001a3   Thumb Code     0  startup_stm32f10x_md.o(.text)
    DMA1_Channel3_IRQHandler                 0x080001a3   Thumb Code     0  startup_stm32f10x_md.o(.text)
    DMA1_Channel4_IRQHandler                 0x080001a3   Thumb Code     0  startup_stm32f10x_md.o(.text)
    DMA1_Channel5_IRQHandler                 0x080001a3   Thumb Code     0  startup_stm32f10x_md.o(.text)
    DMA1_Channel6_IRQHandler                 0x080001a3   Thumb Code     0  startup_stm32f10x_md.o(.text)
    DMA1_Channel7_IRQHandler                 0x080001a3   Thumb Code     0  startup_stm32f10x_md.o(.text)
    EXTI0_IRQHandler                         0x080001a3   Thumb Code     0  startup_stm32f10x_md.o(.text)
    EXTI15_10_IRQHandler                     0x080001a3   Thumb Code     0  startup_stm32f10x_md.o(.text)
    EXTI1_IRQHandler                         0x080001a3   Thumb Code     0  startup_stm32f10x_md.o(.text)
    EXTI2_IRQHandler                         0x080001a3   Thumb Code     0  startup_stm32f10x_md.o(.text)
    EXTI3_IRQHandler                         0x080001a3   Thumb Code     0  startup_stm32f10x_md.o(.text)
    EXTI4_IRQHandler                         0x080001a3   Thumb Code     0  startup_stm32f10x_md.o(.text)
    EXTI9_5_IRQHandler                       0x080001a3   Thumb Code     0  startup_stm32f10x_md.o(.text)
    FLASH_IRQHandler                         0x080001a3   Thumb Code     0  startup_stm32f10x_md.o(.text)
    I2C1_ER_IRQHandler                       0x080001a3   Thumb Code     0  startup_stm32f10x_md.o(.text)
    I2C1_EV_IRQHandler                       0x080001a3   Thumb Code     0  startup_stm32f10x_md.o(.text)
    I2C2_ER_IRQHandler                       0x080001a3   Thumb Code     0  startup_stm32f10x_md.o(.text)
    I2C2_EV_IRQHandler                       0x080001a3   Thumb Code     0  startup_stm32f10x_md.o(.text)
    PVD_IRQHandler                           0x080001a3   Thumb Code     0  startup_stm32f10x_md.o(.text)
    RCC_IRQHandler                           0x080001a3   Thumb Code     0  startup_stm32f10x_md.o(.text)
    RTCAlarm_IRQHandler                      0x080001a3   Thumb Code     0  startup_stm32f10x_md.o(.text)
    RTC_IRQHandler                           0x080001a3   Thumb Code     0  startup_stm32f10x_md.o(.text)
    SPI1_IRQHandler                          0x080001a3   Thumb Code     0  startup_stm32f10x_md.o(.text)
    SPI2_IRQHandler                          0x080001a3   Thumb Code     0  startup_stm32f10x_md.o(.text)
    TAMPER_IRQHandler                        0x080001a3   Thumb Code     0  startup_stm32f10x_md.o(.text)
    TIM1_BRK_IRQHandler                      0x080001a3   Thumb Code     0  startup_stm32f10x_md.o(.text)
    TIM1_CC_IRQHandler                       0x080001a3   Thumb Code     0  startup_stm32f10x_md.o(.text)
    TIM1_TRG_COM_IRQHandler                  0x080001a3   Thumb Code     0  startup_stm32f10x_md.o(.text)
    TIM1_UP_IRQHandler                       0x080001a3   Thumb Code     0  startup_stm32f10x_md.o(.text)
    TIM2_IRQHandler                          0x080001a3   Thumb Code     0  startup_stm32f10x_md.o(.text)
    TIM3_IRQHandler                          0x080001a3   Thumb Code     0  startup_stm32f10x_md.o(.text)
    TIM4_IRQHandler                          0x080001a3   Thumb Code     0  startup_stm32f10x_md.o(.text)
    USART1_IRQHandler                        0x080001a3   Thumb Code     0  startup_stm32f10x_md.o(.text)
    USART2_IRQHandler                        0x080001a3   Thumb Code     0  startup_stm32f10x_md.o(.text)
    USART3_IRQHandler                        0x080001a3   Thumb Code     0  startup_stm32f10x_md.o(.text)
    USBWakeUp_IRQHandler                     0x080001a3   Thumb Code     0  startup_stm32f10x_md.o(.text)
    USB_HP_CAN1_TX_IRQHandler                0x080001a3   Thumb Code     0  startup_stm32f10x_md.o(.text)
    USB_LP_CAN1_RX0_IRQHandler               0x080001a3   Thumb Code     0  startup_stm32f10x_md.o(.text)
    WWDG_IRQHandler                          0x080001a3   Thumb Code     0  startup_stm32f10x_md.o(.text)
    __user_initial_stackheap                 0x080001a5   Thumb Code     0  startup_stm32f10x_md.o(.text)
    __use_two_region_memory                  0x080001c9   Thumb Code     2  heapauxi.o(.text)
    __rt_heap_escrow$2region                 0x080001cb   Thumb Code     2  heapauxi.o(.text)
    __rt_heap_expand$2region                 0x080001cd   Thumb Code     2  heapauxi.o(.text)
    __read_errno                             0x080001cf   Thumb Code    10  _rserrno.o(.text)
    __set_errno                              0x080001d9   Thumb Code    12  _rserrno.o(.text)
    __aeabi_errno_addr                       0x080001e5   Thumb Code     8  rt_errno_addr_intlibspace.o(.text)
    __errno$intlibspace                      0x080001e5   Thumb Code     0  rt_errno_addr_intlibspace.o(.text)
    __rt_errno_addr$intlibspace              0x080001e5   Thumb Code     0  rt_errno_addr_intlibspace.o(.text)
    __user_libspace                          0x080001ed   Thumb Code     8  libspace.o(.text)
    __user_perproc_libspace                  0x080001ed   Thumb Code     0  libspace.o(.text)
    __user_perthread_libspace                0x080001ed   Thumb Code     0  libspace.o(.text)
    __user_setup_stackheap                   0x080001f5   Thumb Code    74  sys_stackheap_outer.o(.text)
    exit                                     0x0800023f   Thumb Code    18  exit.o(.text)
    __I$use$semihosting                      0x08000251   Thumb Code     0  use_no_semi.o(.text)
    __use_no_semihosting_swi                 0x08000251   Thumb Code     2  use_no_semi.o(.text)
    __semihosting_library_function           0x08000253   Thumb Code     0  indicate_semi.o(.text)
    _sys_exit                                0x08000255   Thumb Code     8  sys_exit.o(.text)
    BusFault_Handler                         0x08000261   Thumb Code     4  stm32f10x_it.o(i.BusFault_Handler)
    DebugMon_Handler                         0x08000265   Thumb Code     2  stm32f10x_it.o(i.DebugMon_Handler)
    Demo_01                                  0x08000267   Thumb Code   160  screen.o(i.Demo_01)
    GPIO_Init                                0x08000307   Thumb Code   278  stm32f10x_gpio.o(i.GPIO_Init)
    GPIO_ResetBits                           0x0800041d   Thumb Code     4  stm32f10x_gpio.o(i.GPIO_ResetBits)
    GPIO_SetBits                             0x08000421   Thumb Code     4  stm32f10x_gpio.o(i.GPIO_SetBits)
    HardFault_Handler                        0x08000425   Thumb Code     4  stm32f10x_it.o(i.HardFault_Handler)
    LED_GPIO_Config                          0x08000429   Thumb Code    50  led.o(i.LED_GPIO_Config)
    LED_Init                                 0x0800045d   Thumb Code    16  led.o(i.LED_Init)
    MemManage_Handler                        0x08000471   Thumb Code     4  stm32f10x_it.o(i.MemManage_Handler)
    My_SPI_Init                              0x08000475   Thumb Code    88  spi.o(i.My_SPI_Init)
    NMI_Handler                              0x080004d5   Thumb Code     2  stm32f10x_it.o(i.NMI_Handler)
    OLED_Clear                               0x080004d9   Thumb Code    42  oled.o(i.OLED_Clear)
    OLED_DrawCube                            0x08000509   Thumb Code    74  oled.o(i.OLED_DrawCube)
    OLED_DrawCube_Intelligent_Overflow       0x08000555   Thumb Code   560  oled.o(i.OLED_DrawCube_Intelligent_Overflow)
    OLED_DrawEllipse_Rotate                  0x08000789   Thumb Code   686  oled.o(i.OLED_DrawEllipse_Rotate)
    OLED_DrawLine                            0x08000a41   Thumb Code   634  oled.o(i.OLED_DrawLine)
    OLED_DrawPoint                           0x08000cbd   Thumb Code   100  oled.o(i.OLED_DrawPoint)
    OLED_Draw_4_Pixels_Rotate                0x08000d25   Thumb Code   526  oled.o(i.OLED_Draw_4_Pixels_Rotate)
    OLED_Draw_4_Pixels_Spread_Out_From_Center 0x08000f3d   Thumb Code    94  oled.o(i.OLED_Draw_4_Pixels_Spread_Out_From_Center)
    OLED_Draw_8_Pixels_Rotate                0x08000f9d   Thumb Code  1142  oled.o(i.OLED_Draw_8_Pixels_Rotate)
    OLED_Draw_8_Pixels_Spread_Out_From_Center 0x08001413   Thumb Code   224  oled.o(i.OLED_Draw_8_Pixels_Spread_Out_From_Center)
    OLED_Draw_Rounded_Cube                   0x080014f3   Thumb Code   480  oled.o(i.OLED_Draw_Rounded_Cube)
    OLED_Draw_Rounded_Cube_Erasure_Method    0x080016d3   Thumb Code   646  oled.o(i.OLED_Draw_Rounded_Cube_Erasure_Method)
    OLED_Draw_Rounded_Cube_Fillet_Overflow   0x08001959   Thumb Code   596  oled.o(i.OLED_Draw_Rounded_Cube_Fillet_Overflow)
    OLED_Draw_Two_Vertical_Ellipses_Rotate   0x08001bad   Thumb Code   686  oled.o(i.OLED_Draw_Two_Vertical_Ellipses_Rotate)
    OLED_Refresh_Gram                        0x08001e65   Thumb Code    70  oled.o(i.OLED_Refresh_Gram)
    OLED_SPI_Init                            0x08001eb9   Thumb Code   212  oled.o(i.OLED_SPI_Init)
    OLED_Show_Cube_Catched_by_Elliipse       0x08001f8d   Thumb Code  2280  screen.o(i.OLED_Show_Cube_Catched_by_Elliipse)
    OLED_Show_Cube_to_Circle                 0x0800287d   Thumb Code   354  screen.o(i.OLED_Show_Cube_to_Circle)
    OLED_Show_Cube_to_LikeCircle             0x080029df   Thumb Code   150  screen.o(i.OLED_Show_Cube_to_LikeCircle)
    OLED_Show_DNA                            0x08002a75   Thumb Code   168  screen.o(i.OLED_Show_DNA)
    OLED_Show_Rotating_Ellipse               0x08002b1d   Thumb Code    76  screen.o(i.OLED_Show_Rotating_Ellipse)
    OLED_Show_Rotating_Telescoping_Two_Vertical_Ellipses 0x08002b69   Thumb Code   132  screen.o(i.OLED_Show_Rotating_Telescoping_Two_Vertical_Ellipses)
    OLED_Show_Rotating_Two_Vertical_Ellipses 0x08002bed   Thumb Code    76  screen.o(i.OLED_Show_Rotating_Two_Vertical_Ellipses)
    OLED_Show_Shrinking_Cube                 0x08002c39   Thumb Code    96  screen.o(i.OLED_Show_Shrinking_Cube)
    OLED_Show_Sliding_Door                   0x08002c99   Thumb Code   354  screen.o(i.OLED_Show_Sliding_Door)
    PendSV_Handler                           0x08002e71   Thumb Code     2  stm32f10x_it.o(i.PendSV_Handler)
    RCC_APB2PeriphClockCmd                   0x08002e75   Thumb Code    26  stm32f10x_rcc.o(i.RCC_APB2PeriphClockCmd)
    SVC_Handler                              0x08002e95   Thumb Code     2  stm32f10x_it.o(i.SVC_Handler)
    SysTick_CLKSourceConfig                  0x08002f81   Thumb Code    40  misc.o(i.SysTick_CLKSourceConfig)
    SysTick_Handler                          0x08002fa9   Thumb Code     2  stm32f10x_it.o(i.SysTick_Handler)
    SystemInit                               0x08002fad   Thumb Code    78  system_stm32f10x.o(i.SystemInit)
    UsageFault_Handler                       0x0800300d   Thumb Code     4  stm32f10x_it.o(i.UsageFault_Handler)
    __ARM_fpclassify                         0x08003011   Thumb Code    40  fpclassify.o(i.__ARM_fpclassify)
    __ieee754_rem_pio2                       0x08003039   Thumb Code   828  rred.o(i.__ieee754_rem_pio2)
    __kernel_cos                             0x080033c1   Thumb Code   230  cos_i.o(i.__kernel_cos)
    __kernel_poly                            0x080034bd   Thumb Code   170  poly.o(i.__kernel_poly)
    __kernel_sin                             0x08003569   Thumb Code   224  sin_i.o(i.__kernel_sin)
    __mathlib_dbl_infnan                     0x08003655   Thumb Code     6  dunder.o(i.__mathlib_dbl_infnan)
    __mathlib_dbl_invalid                    0x0800365b   Thumb Code    12  dunder.o(i.__mathlib_dbl_invalid)
    __mathlib_dbl_underflow                  0x08003669   Thumb Code    10  dunder.o(i.__mathlib_dbl_underflow)
    cos                                      0x08003679   Thumb Code   148  cos.o(i.cos)
    delay_init                               0x08003715   Thumb Code    50  delay.o(i.delay_init)
    main                                     0x08003759   Thumb Code    30  main.o(i.main)
    sin                                      0x0800377d   Thumb Code   150  sin.o(i.sin)
    __aeabi_d2f                              0x0800381d   Thumb Code     0  d2f.o(x$fpl$d2f)
    _d2f                                     0x0800381d   Thumb Code    98  d2f.o(x$fpl$d2f)
    __aeabi_dadd                             0x08003881   Thumb Code     0  daddsub_clz.o(x$fpl$dadd)
    _dadd                                    0x08003881   Thumb Code   332  daddsub_clz.o(x$fpl$dadd)
    __fpl_dcheck_NaN1                        0x080039d1   Thumb Code    10  dcheck1.o(x$fpl$dcheck1)
    __fpl_dcmp_Inf                           0x080039e1   Thumb Code    24  dcmpi.o(x$fpl$dcmpinf)
    __aeabi_ddiv                             0x080039f9   Thumb Code     0  ddiv.o(x$fpl$ddiv)
    _ddiv                                    0x080039f9   Thumb Code   552  ddiv.o(x$fpl$ddiv)
    __aeabi_d2iz                             0x08003ca9   Thumb Code     0  dfix.o(x$fpl$dfix)
    _dfix                                    0x08003ca9   Thumb Code    94  dfix.o(x$fpl$dfix)
    __aeabi_d2uiz                            0x08003d09   Thumb Code     0  dfixu.o(x$fpl$dfixu)
    _dfixu                                   0x08003d09   Thumb Code    90  dfixu.o(x$fpl$dfixu)
    __aeabi_i2d                              0x08003d63   Thumb Code     0  dflt_clz.o(x$fpl$dflt)
    _dflt                                    0x08003d63   Thumb Code    46  dflt_clz.o(x$fpl$dflt)
    __aeabi_ui2d                             0x08003d91   Thumb Code     0  dflt_clz.o(x$fpl$dfltu)
    _dfltu                                   0x08003d91   Thumb Code    38  dflt_clz.o(x$fpl$dfltu)
    __aeabi_cdcmple                          0x08003db9   Thumb Code     0  dleqf.o(x$fpl$dleqf)
    _dcmple                                  0x08003db9   Thumb Code   120  dleqf.o(x$fpl$dleqf)
    __fpl_dcmple_InfNaN                      0x08003e1b   Thumb Code     0  dleqf.o(x$fpl$dleqf)
    __aeabi_dmul                             0x08003e31   Thumb Code     0  dmul.o(x$fpl$dmul)
    _dmul                                    0x08003e31   Thumb Code   332  dmul.o(x$fpl$dmul)
    __fpl_dnaninf                            0x08003f85   Thumb Code   156  dnaninf.o(x$fpl$dnaninf)
    __fpl_dretinf                            0x08004021   Thumb Code    12  dretinf.o(x$fpl$dretinf)
    __aeabi_drsub                            0x0800402d   Thumb Code     0  daddsub_clz.o(x$fpl$drsb)
    _drsb                                    0x0800402d   Thumb Code    22  daddsub_clz.o(x$fpl$drsb)
    __aeabi_dsub                             0x08004045   Thumb Code     0  daddsub_clz.o(x$fpl$dsub)
    _dsub                                    0x08004045   Thumb Code   464  daddsub_clz.o(x$fpl$dsub)
    __aeabi_f2d                              0x08004219   Thumb Code     0  f2d.o(x$fpl$f2d)
    _f2d                                     0x08004219   Thumb Code    86  f2d.o(x$fpl$f2d)
    __aeabi_fadd                             0x08004271   Thumb Code     0  faddsub_clz.o(x$fpl$fadd)
    _fadd                                    0x08004271   Thumb Code   196  faddsub_clz.o(x$fpl$fadd)
    __fpl_fcmp_Inf                           0x08004335   Thumb Code    24  fcmpi.o(x$fpl$fcmpinf)
    __aeabi_f2uiz                            0x0800434d   Thumb Code     0  ffixu.o(x$fpl$ffixu)
    _ffixu                                   0x0800434d   Thumb Code    62  ffixu.o(x$fpl$ffixu)
    __aeabi_i2f                              0x0800438d   Thumb Code     0  fflt_clz.o(x$fpl$fflt)
    _fflt                                    0x0800438d   Thumb Code    48  fflt_clz.o(x$fpl$fflt)
    __aeabi_ui2f                             0x080043bd   Thumb Code     0  fflt_clz.o(x$fpl$ffltu)
    _ffltu                                   0x080043bd   Thumb Code    38  fflt_clz.o(x$fpl$ffltu)
    __aeabi_cfcmple                          0x080043e5   Thumb Code     0  fleqf.o(x$fpl$fleqf)
    _fcmple                                  0x080043e5   Thumb Code   104  fleqf.o(x$fpl$fleqf)
    __fpl_fcmple_InfNaN                      0x08004437   Thumb Code     0  fleqf.o(x$fpl$fleqf)
    __aeabi_fmul                             0x0800444d   Thumb Code     0  fmul.o(x$fpl$fmul)
    _fmul                                    0x0800444d   Thumb Code   258  fmul.o(x$fpl$fmul)
    __fpl_fnaninf                            0x0800454f   Thumb Code   140  fnaninf.o(x$fpl$fnaninf)
    __fpl_fretinf                            0x080045db   Thumb Code    10  fretinf.o(x$fpl$fretinf)
    __aeabi_fsub                             0x080045e5   Thumb Code     0  faddsub_clz.o(x$fpl$fsub)
    _fsub                                    0x080045e5   Thumb Code   234  faddsub_clz.o(x$fpl$fsub)
    __fpl_return_NaN                         0x080046cf   Thumb Code   100  retnan.o(x$fpl$retnan)
    __ARM_scalbn                             0x08004733   Thumb Code    92  scalbn.o(x$fpl$scalbn)
    __fpl_cmpreturn                          0x0800478f   Thumb Code    48  trapv.o(x$fpl$trapveneer)
    __I$use$fp                               0x080047be   Number         0  usenofp.o(x$fpl$usenofp)
    Region$$Table$$Base                      0x080048e0   Number         0  anon$$obj.o(Region$$Table)
    Region$$Table$$Limit                     0x08004900   Number         0  anon$$obj.o(Region$$Table)
    SystemCoreClock                          0x20000004   Data           4  system_stm32f10x.o(.data)
    AHBPrescTable                            0x20000008   Data          16  system_stm32f10x.o(.data)
    OLED_GRAM                                0x20000018   Data        1024  oled.o(.bss)
    __libspace_start                         0x20000418   Data          96  libspace.o(.bss)
    __temporary_stack_top$libspace           0x20000478   Data           0  libspace.o(.bss)



==============================================================================

Memory Map of the image

  Image Entry point : 0x080000ed

  Load Region LR_IROM1 (Base: 0x08000000, Size: 0x00004918, Max: 0x00010000, ABSOLUTE)

    Execution Region ER_IROM1 (Exec base: 0x08000000, Load base: 0x08000000, Size: 0x00004900, Max: 0x00010000, ABSOLUTE)

    Exec Addr    Load Addr    Size         Type   Attr      Idx    E Section Name        Object

    0x08000000   0x08000000   0x000000ec   Data   RO            3    RESET               startup_stm32f10x_md.o
    0x080000ec   0x080000ec   0x00000008   Code   RO         1519  * !!!main             c_w.l(__main.o)
    0x080000f4   0x080000f4   0x00000034   Code   RO         1831    !!!scatter          c_w.l(__scatter.o)
    0x08000128   0x08000128   0x0000001a   Code   RO         1833    !!handler_copy      c_w.l(__scatter_copy.o)
    0x08000142   0x08000142   0x00000002   PAD
    0x08000144   0x08000144   0x0000001c   Code   RO         1835    !!handler_zi        c_w.l(__scatter_zi.o)
    0x08000160   0x08000160   0x00000002   Code   RO         1753    .ARM.Collect$$libinit$$00000000  c_w.l(libinit.o)
    0x08000162   0x08000162   0x00000000   Code   RO         1611    .ARM.Collect$$libinit$$00000002  c_w.l(libinit2.o)
    0x08000162   0x08000162   0x00000000   Code   RO         1613    .ARM.Collect$$libinit$$00000004  c_w.l(libinit2.o)
    0x08000162   0x08000162   0x00000000   Code   RO         1616    .ARM.Collect$$libinit$$0000000A  c_w.l(libinit2.o)
    0x08000162   0x08000162   0x00000000   Code   RO         1618    .ARM.Collect$$libinit$$0000000C  c_w.l(libinit2.o)
    0x08000162   0x08000162   0x00000000   Code   RO         1620    .ARM.Collect$$libinit$$0000000E  c_w.l(libinit2.o)
    0x08000162   0x08000162   0x00000000   Code   RO         1623    .ARM.Collect$$libinit$$00000011  c_w.l(libinit2.o)
    0x08000162   0x08000162   0x00000000   Code   RO         1625    .ARM.Collect$$libinit$$00000013  c_w.l(libinit2.o)
    0x08000162   0x08000162   0x00000000   Code   RO         1627    .ARM.Collect$$libinit$$00000015  c_w.l(libinit2.o)
    0x08000162   0x08000162   0x00000000   Code   RO         1629    .ARM.Collect$$libinit$$00000017  c_w.l(libinit2.o)
    0x08000162   0x08000162   0x00000000   Code   RO         1631    .ARM.Collect$$libinit$$00000019  c_w.l(libinit2.o)
    0x08000162   0x08000162   0x00000000   Code   RO         1633    .ARM.Collect$$libinit$$0000001B  c_w.l(libinit2.o)
    0x08000162   0x08000162   0x00000000   Code   RO         1635    .ARM.Collect$$libinit$$0000001D  c_w.l(libinit2.o)
    0x08000162   0x08000162   0x00000000   Code   RO         1637    .ARM.Collect$$libinit$$0000001F  c_w.l(libinit2.o)
    0x08000162   0x08000162   0x00000000   Code   RO         1639    .ARM.Collect$$libinit$$00000021  c_w.l(libinit2.o)
    0x08000162   0x08000162   0x00000000   Code   RO         1641    .ARM.Collect$$libinit$$00000023  c_w.l(libinit2.o)
    0x08000162   0x08000162   0x00000000   Code   RO         1643    .ARM.Collect$$libinit$$00000025  c_w.l(libinit2.o)
    0x08000162   0x08000162   0x00000000   Code   RO         1647    .ARM.Collect$$libinit$$0000002C  c_w.l(libinit2.o)
    0x08000162   0x08000162   0x00000000   Code   RO         1649    .ARM.Collect$$libinit$$0000002E  c_w.l(libinit2.o)
    0x08000162   0x08000162   0x00000000   Code   RO         1651    .ARM.Collect$$libinit$$00000030  c_w.l(libinit2.o)
    0x08000162   0x08000162   0x00000000   Code   RO         1653    .ARM.Collect$$libinit$$00000032  c_w.l(libinit2.o)
    0x08000162   0x08000162   0x00000002   Code   RO         1654    .ARM.Collect$$libinit$$00000033  c_w.l(libinit2.o)
    0x08000164   0x08000164   0x00000002   Code   RO         1792    .ARM.Collect$$libshutdown$$00000000  c_w.l(libshutdown.o)
    0x08000166   0x08000166   0x00000000   Code   RO         1798    .ARM.Collect$$libshutdown$$00000002  c_w.l(libshutdown2.o)
    0x08000166   0x08000166   0x00000000   Code   RO         1800    .ARM.Collect$$libshutdown$$00000004  c_w.l(libshutdown2.o)
    0x08000166   0x08000166   0x00000000   Code   RO         1803    .ARM.Collect$$libshutdown$$00000007  c_w.l(libshutdown2.o)
    0x08000166   0x08000166   0x00000000   Code   RO         1806    .ARM.Collect$$libshutdown$$0000000A  c_w.l(libshutdown2.o)
    0x08000166   0x08000166   0x00000000   Code   RO         1808    .ARM.Collect$$libshutdown$$0000000C  c_w.l(libshutdown2.o)
    0x08000166   0x08000166   0x00000000   Code   RO         1811    .ARM.Collect$$libshutdown$$0000000F  c_w.l(libshutdown2.o)
    0x08000166   0x08000166   0x00000002   Code   RO         1812    .ARM.Collect$$libshutdown$$00000010  c_w.l(libshutdown2.o)
    0x08000168   0x08000168   0x00000000   Code   RO         1607    .ARM.Collect$$rtentry$$00000000  c_w.l(__rtentry.o)
    0x08000168   0x08000168   0x00000000   Code   RO         1708    .ARM.Collect$$rtentry$$00000002  c_w.l(__rtentry2.o)
    0x08000168   0x08000168   0x00000006   Code   RO         1720    .ARM.Collect$$rtentry$$00000004  c_w.l(__rtentry4.o)
    0x0800016e   0x0800016e   0x00000000   Code   RO         1710    .ARM.Collect$$rtentry$$00000009  c_w.l(__rtentry2.o)
    0x0800016e   0x0800016e   0x00000004   Code   RO         1711    .ARM.Collect$$rtentry$$0000000A  c_w.l(__rtentry2.o)
    0x08000172   0x08000172   0x00000000   Code   RO         1713    .ARM.Collect$$rtentry$$0000000C  c_w.l(__rtentry2.o)
    0x08000172   0x08000172   0x00000008   Code   RO         1714    .ARM.Collect$$rtentry$$0000000D  c_w.l(__rtentry2.o)
    0x0800017a   0x0800017a   0x00000002   Code   RO         1758    .ARM.Collect$$rtexit$$00000000  c_w.l(rtexit.o)
    0x0800017c   0x0800017c   0x00000000   Code   RO         1772    .ARM.Collect$$rtexit$$00000002  c_w.l(rtexit2.o)
    0x0800017c   0x0800017c   0x00000004   Code   RO         1773    .ARM.Collect$$rtexit$$00000003  c_w.l(rtexit2.o)
    0x08000180   0x08000180   0x00000006   Code   RO         1774    .ARM.Collect$$rtexit$$00000004  c_w.l(rtexit2.o)
    0x08000186   0x08000186   0x00000002   PAD
    0x08000188   0x08000188   0x00000040   Code   RO            4    .text               startup_stm32f10x_md.o
    0x080001c8   0x080001c8   0x00000006   Code   RO         1517    .text               c_w.l(heapauxi.o)
    0x080001ce   0x080001ce   0x00000016   Code   RO         1608    .text               c_w.l(_rserrno.o)
    0x080001e4   0x080001e4   0x00000008   Code   RO         1725    .text               c_w.l(rt_errno_addr_intlibspace.o)
    0x080001ec   0x080001ec   0x00000008   Code   RO         1737    .text               c_w.l(libspace.o)
    0x080001f4   0x080001f4   0x0000004a   Code   RO         1740    .text               c_w.l(sys_stackheap_outer.o)
    0x0800023e   0x0800023e   0x00000012   Code   RO         1742    .text               c_w.l(exit.o)
    0x08000250   0x08000250   0x00000002   Code   RO         1768    .text               c_w.l(use_no_semi.o)
    0x08000252   0x08000252   0x00000000   Code   RO         1770    .text               c_w.l(indicate_semi.o)
    0x08000252   0x08000252   0x00000002   PAD
    0x08000254   0x08000254   0x0000000c   Code   RO         1784    .text               c_w.l(sys_exit.o)
    0x08000260   0x08000260   0x00000004   Code   RO         1413    i.BusFault_Handler  stm32f10x_it.o
    0x08000264   0x08000264   0x00000002   Code   RO         1414    i.DebugMon_Handler  stm32f10x_it.o
    0x08000266   0x08000266   0x000000a0   Code   RO         1258    i.Demo_01           screen.o
    0x08000306   0x08000306   0x00000116   Code   RO          139    i.GPIO_Init         stm32f10x_gpio.o
    0x0800041c   0x0800041c   0x00000004   Code   RO          146    i.GPIO_ResetBits    stm32f10x_gpio.o
    0x08000420   0x08000420   0x00000004   Code   RO          147    i.GPIO_SetBits      stm32f10x_gpio.o
    0x08000424   0x08000424   0x00000004   Code   RO         1415    i.HardFault_Handler  stm32f10x_it.o
    0x08000428   0x08000428   0x00000032   Code   RO          950    i.LED_GPIO_Config   led.o
    0x0800045a   0x0800045a   0x00000002   PAD
    0x0800045c   0x0800045c   0x00000014   Code   RO          951    i.LED_Init          led.o
    0x08000470   0x08000470   0x00000004   Code   RO         1416    i.MemManage_Handler  stm32f10x_it.o
    0x08000474   0x08000474   0x00000060   Code   RO         1383    i.My_SPI_Init       spi.o
    0x080004d4   0x080004d4   0x00000002   Code   RO         1417    i.NMI_Handler       stm32f10x_it.o
    0x080004d6   0x080004d6   0x00000002   PAD
    0x080004d8   0x080004d8   0x00000030   Code   RO          973    i.OLED_Clear        oled.o
    0x08000508   0x08000508   0x0000004a   Code   RO          978    i.OLED_DrawCube     oled.o
    0x08000552   0x08000552   0x00000002   PAD
    0x08000554   0x08000554   0x00000234   Code   RO          979    i.OLED_DrawCube_Intelligent_Overflow  oled.o
    0x08000788   0x08000788   0x000002b8   Code   RO          981    i.OLED_DrawEllipse_Rotate  oled.o
    0x08000a40   0x08000a40   0x0000027a   Code   RO          982    i.OLED_DrawLine     oled.o
    0x08000cba   0x08000cba   0x00000002   PAD
    0x08000cbc   0x08000cbc   0x00000068   Code   RO          984    i.OLED_DrawPoint    oled.o
    0x08000d24   0x08000d24   0x00000218   Code   RO          987    i.OLED_Draw_4_Pixels_Rotate  oled.o
    0x08000f3c   0x08000f3c   0x0000005e   Code   RO          989    i.OLED_Draw_4_Pixels_Spread_Out_From_Center  oled.o
    0x08000f9a   0x08000f9a   0x00000002   PAD
    0x08000f9c   0x08000f9c   0x00000476   Code   RO          992    i.OLED_Draw_8_Pixels_Rotate  oled.o
    0x08001412   0x08001412   0x000000e0   Code   RO          993    i.OLED_Draw_8_Pixels_Spread_Out_From_Center  oled.o
    0x080014f2   0x080014f2   0x000001e0   Code   RO         1000    i.OLED_Draw_Rounded_Cube  oled.o
    0x080016d2   0x080016d2   0x00000286   Code   RO         1001    i.OLED_Draw_Rounded_Cube_Erasure_Method  oled.o
    0x08001958   0x08001958   0x00000254   Code   RO         1002    i.OLED_Draw_Rounded_Cube_Fillet_Overflow  oled.o
    0x08001bac   0x08001bac   0x000002b8   Code   RO         1005    i.OLED_Draw_Two_Vertical_Ellipses_Rotate  oled.o
    0x08001e64   0x08001e64   0x0000004c   Code   RO         1008    i.OLED_Refresh_Gram  oled.o
    0x08001eb0   0x08001eb0   0x00000008   Code   RO         1009    i.OLED_SPI_GPIO_Init  oled.o
    0x08001eb8   0x08001eb8   0x000000d4   Code   RO         1010    i.OLED_SPI_Init     oled.o
    0x08001f8c   0x08001f8c   0x000008f0   Code   RO         1264    i.OLED_Show_Cube_Catched_by_Elliipse  screen.o
    0x0800287c   0x0800287c   0x00000162   Code   RO         1265    i.OLED_Show_Cube_to_Circle  screen.o
    0x080029de   0x080029de   0x00000096   Code   RO         1266    i.OLED_Show_Cube_to_LikeCircle  screen.o
    0x08002a74   0x08002a74   0x000000a8   Code   RO         1268    i.OLED_Show_DNA     screen.o
    0x08002b1c   0x08002b1c   0x0000004c   Code   RO         1272    i.OLED_Show_Rotating_Ellipse  screen.o
    0x08002b68   0x08002b68   0x00000084   Code   RO         1274    i.OLED_Show_Rotating_Telescoping_Two_Vertical_Ellipses  screen.o
    0x08002bec   0x08002bec   0x0000004c   Code   RO         1275    i.OLED_Show_Rotating_Two_Vertical_Ellipses  screen.o
    0x08002c38   0x08002c38   0x00000060   Code   RO         1276    i.OLED_Show_Shrinking_Cube  screen.o
    0x08002c98   0x08002c98   0x00000162   Code   RO         1277    i.OLED_Show_Sliding_Door  screen.o
    0x08002dfa   0x08002dfa   0x00000002   PAD
    0x08002dfc   0x08002dfc   0x00000074   Code   RO         1015    i.OLED_WR_Byte      oled.o
    0x08002e70   0x08002e70   0x00000002   Code   RO         1418    i.PendSV_Handler    stm32f10x_it.o
    0x08002e72   0x08002e72   0x00000002   PAD
    0x08002e74   0x08002e74   0x00000020   Code   RO          575    i.RCC_APB2PeriphClockCmd  stm32f10x_rcc.o
    0x08002e94   0x08002e94   0x00000002   Code   RO         1419    i.SVC_Handler       stm32f10x_it.o
    0x08002e96   0x08002e96   0x00000008   Code   RO         1476    i.SetSysClock       system_stm32f10x.o
    0x08002e9e   0x08002e9e   0x00000002   PAD
    0x08002ea0   0x08002ea0   0x000000e0   Code   RO         1477    i.SetSysClockTo72   system_stm32f10x.o
    0x08002f80   0x08002f80   0x00000028   Code   RO           14    i.SysTick_CLKSourceConfig  misc.o
    0x08002fa8   0x08002fa8   0x00000002   Code   RO         1420    i.SysTick_Handler   stm32f10x_it.o
    0x08002faa   0x08002faa   0x00000002   PAD
    0x08002fac   0x08002fac   0x00000060   Code   RO         1479    i.SystemInit        system_stm32f10x.o
    0x0800300c   0x0800300c   0x00000004   Code   RO         1421    i.UsageFault_Handler  stm32f10x_it.o
    0x08003010   0x08003010   0x00000028   Code   RO         1691    i.__ARM_fpclassify  m_ws.l(fpclassify.o)
    0x08003038   0x08003038   0x00000388   Code   RO         1696    i.__ieee754_rem_pio2  m_ws.l(rred.o)
    0x080033c0   0x080033c0   0x000000fc   Code   RO         1674    i.__kernel_cos      m_ws.l(cos_i.o)
    0x080034bc   0x080034bc   0x000000aa   Code   RO         1693    i.__kernel_poly     m_ws.l(poly.o)
    0x08003566   0x08003566   0x00000002   PAD
    0x08003568   0x08003568   0x000000ec   Code   RO         1701    i.__kernel_sin      m_ws.l(sin_i.o)
    0x08003654   0x08003654   0x00000006   Code   RO         1678    i.__mathlib_dbl_infnan  m_ws.l(dunder.o)
    0x0800365a   0x0800365a   0x0000000c   Code   RO         1680    i.__mathlib_dbl_invalid  m_ws.l(dunder.o)
    0x08003666   0x08003666   0x00000002   PAD
    0x08003668   0x08003668   0x00000010   Code   RO         1683    i.__mathlib_dbl_underflow  m_ws.l(dunder.o)
    0x08003678   0x08003678   0x0000009c   Code   RO         1574    i.cos               m_ws.l(cos.o)
    0x08003714   0x08003714   0x00000044   Code   RO          923    i.delay_init        delay.o
    0x08003758   0x08003758   0x00000024   Code   RO         1395    i.main              main.o
    0x0800377c   0x0800377c   0x000000a0   Code   RO         1592    i.sin               m_ws.l(sin.o)
    0x0800381c   0x0800381c   0x00000062   Code   RO         1521    x$fpl$d2f           fz_ws.l(d2f.o)
    0x0800387e   0x0800387e   0x00000002   PAD
    0x08003880   0x08003880   0x00000150   Code   RO         1523    x$fpl$dadd          fz_ws.l(daddsub_clz.o)
    0x080039d0   0x080039d0   0x00000010   Code   RO         1729    x$fpl$dcheck1       fz_ws.l(dcheck1.o)
    0x080039e0   0x080039e0   0x00000018   Code   RO         1655    x$fpl$dcmpinf       fz_ws.l(dcmpi.o)
    0x080039f8   0x080039f8   0x000002b0   Code   RO         1530    x$fpl$ddiv          fz_ws.l(ddiv.o)
    0x08003ca8   0x08003ca8   0x0000005e   Code   RO         1731    x$fpl$dfix          fz_ws.l(dfix.o)
    0x08003d06   0x08003d06   0x00000002   PAD
    0x08003d08   0x08003d08   0x0000005a   Code   RO         1533    x$fpl$dfixu         fz_ws.l(dfixu.o)
    0x08003d62   0x08003d62   0x0000002e   Code   RO         1538    x$fpl$dflt          fz_ws.l(dflt_clz.o)
    0x08003d90   0x08003d90   0x00000026   Code   RO         1537    x$fpl$dfltu         fz_ws.l(dflt_clz.o)
    0x08003db6   0x08003db6   0x00000002   PAD
    0x08003db8   0x08003db8   0x00000078   Code   RO         1543    x$fpl$dleqf         fz_ws.l(dleqf.o)
    0x08003e30   0x08003e30   0x00000154   Code   RO         1545    x$fpl$dmul          fz_ws.l(dmul.o)
    0x08003f84   0x08003f84   0x0000009c   Code   RO         1657    x$fpl$dnaninf       fz_ws.l(dnaninf.o)
    0x08004020   0x08004020   0x0000000c   Code   RO         1659    x$fpl$dretinf       fz_ws.l(dretinf.o)
    0x0800402c   0x0800402c   0x00000016   Code   RO         1524    x$fpl$drsb          fz_ws.l(daddsub_clz.o)
    0x08004042   0x08004042   0x00000002   PAD
    0x08004044   0x08004044   0x000001d4   Code   RO         1525    x$fpl$dsub          fz_ws.l(daddsub_clz.o)
    0x08004218   0x08004218   0x00000056   Code   RO         1547    x$fpl$f2d           fz_ws.l(f2d.o)
    0x0800426e   0x0800426e   0x00000002   PAD
    0x08004270   0x08004270   0x000000c4   Code   RO         1549    x$fpl$fadd          fz_ws.l(faddsub_clz.o)
    0x08004334   0x08004334   0x00000018   Code   RO         1665    x$fpl$fcmpinf       fz_ws.l(fcmpi.o)
    0x0800434c   0x0800434c   0x0000003e   Code   RO         1559    x$fpl$ffixu         fz_ws.l(ffixu.o)
    0x0800438a   0x0800438a   0x00000002   PAD
    0x0800438c   0x0800438c   0x00000030   Code   RO         1564    x$fpl$fflt          fz_ws.l(fflt_clz.o)
    0x080043bc   0x080043bc   0x00000026   Code   RO         1563    x$fpl$ffltu         fz_ws.l(fflt_clz.o)
    0x080043e2   0x080043e2   0x00000002   PAD
    0x080043e4   0x080043e4   0x00000068   Code   RO         1569    x$fpl$fleqf         fz_ws.l(fleqf.o)
    0x0800444c   0x0800444c   0x00000102   Code   RO         1571    x$fpl$fmul          fz_ws.l(fmul.o)
    0x0800454e   0x0800454e   0x0000008c   Code   RO         1667    x$fpl$fnaninf       fz_ws.l(fnaninf.o)
    0x080045da   0x080045da   0x0000000a   Code   RO         1669    x$fpl$fretinf       fz_ws.l(fretinf.o)
    0x080045e4   0x080045e4   0x000000ea   Code   RO         1551    x$fpl$fsub          fz_ws.l(faddsub_clz.o)
    0x080046ce   0x080046ce   0x00000064   Code   RO         1754    x$fpl$retnan        fz_ws.l(retnan.o)
    0x08004732   0x08004732   0x0000005c   Code   RO         1671    x$fpl$scalbn        fz_ws.l(scalbn.o)
    0x0800478e   0x0800478e   0x00000030   Code   RO         1766    x$fpl$trapveneer    fz_ws.l(trapv.o)
    0x080047be   0x080047be   0x00000000   Code   RO         1673    x$fpl$usenofp       fz_ws.l(usenofp.o)
    0x080047be   0x080047be   0x00000002   PAD
    0x080047c0   0x080047c0   0x00000030   Data   RO         1675    .constdata          m_ws.l(cos_i.o)
    0x080047f0   0x080047f0   0x000000c8   Data   RO         1698    .constdata          m_ws.l(rred.o)
    0x080048b8   0x080048b8   0x00000028   Data   RO         1702    .constdata          m_ws.l(sin_i.o)
    0x080048e0   0x080048e0   0x00000020   Data   RO         1829    Region$$Table       anon$$obj.o


    Execution Region RW_IRAM1 (Exec base: 0x20000000, Load base: 0x08004900, Size: 0x00000a78, Max: 0x00005000, ABSOLUTE)

    Exec Addr    Load Addr    Size         Type   Attr      Idx    E Section Name        Object

    0x20000000   0x08004900   0x00000004   Data   RW          926    .data               delay.o
    0x20000004   0x08004904   0x00000014   Data   RW         1480    .data               system_stm32f10x.o
    0x20000018        -       0x00000400   Zero   RW         1017    .bss                oled.o
    0x20000418        -       0x00000060   Zero   RW         1738    .bss                c_w.l(libspace.o)
    0x20000478        -       0x00000200   Zero   RW            2    HEAP                startup_stm32f10x_md.o
    0x20000678        -       0x00000400   Zero   RW            1    STACK               startup_stm32f10x_md.o


==============================================================================

Image component sizes


      Code (inc. data)   RO Data    RW Data    ZI Data      Debug   Object Name

        68         18          0          4          0        653   delay.o
        70          4          0          0          0       1489   led.o
        36          6          0          0          0        439   main.o
        40          0          0          0          0     215046   misc.o
      6946         66          0          0       1024      17750   oled.o
      3854         16          0          0          0       9348   screen.o
        96          8          0          0          0        522   spi.o
        64         26        236          0       1536        844   startup_stm32f10x_md.o
       286          0          0          0          0       3020   stm32f10x_gpio.o
        26          0          0          0          0       3766   stm32f10x_it.o
        32          6          0          0          0        541   stm32f10x_rcc.o
         0          0          0          0          0       2036   sys.o
       328         28          0         20          0       2241   system_stm32f10x.o

    ----------------------------------------------------------------------
     11864        178        268         24       2560     257695   Object Totals
         0          0         32          0          0          0   (incl. Generated)
        18          0          0          0          0          0   (incl. Padding)

    ----------------------------------------------------------------------

      Code (inc. data)   RO Data    RW Data    ZI Data      Debug   Library Member Name

         8          0          0          0          0         68   __main.o
         0          0          0          0          0          0   __rtentry.o
        12          0          0          0          0          0   __rtentry2.o
         6          0          0          0          0          0   __rtentry4.o
        52          8          0          0          0          0   __scatter.o
        26          0          0          0          0          0   __scatter_copy.o
        28          0          0          0          0          0   __scatter_zi.o
        22          0          0          0          0        100   _rserrno.o
        18          0          0          0          0         80   exit.o
         6          0          0          0          0        152   heapauxi.o
         0          0          0          0          0          0   indicate_semi.o
         2          0          0          0          0          0   libinit.o
         2          0          0          0          0          0   libinit2.o
         2          0          0          0          0          0   libshutdown.o
         2          0          0          0          0          0   libshutdown2.o
         8          4          0          0         96         68   libspace.o
         8          4          0          0          0         68   rt_errno_addr_intlibspace.o
         2          0          0          0          0          0   rtexit.o
        10          0          0          0          0          0   rtexit2.o
        12          4          0          0          0         68   sys_exit.o
        74          0          0          0          0         80   sys_stackheap_outer.o
         2          0          0          0          0         68   use_no_semi.o
        98          4          0          0          0         92   d2f.o
       826         16          0          0          0        348   daddsub_clz.o
        16          4          0          0          0         68   dcheck1.o
        24          0          0          0          0         68   dcmpi.o
       688        140          0          0          0        208   ddiv.o
        94          4          0          0          0         92   dfix.o
        90          4          0          0          0         92   dfixu.o
        84          0          0          0          0        136   dflt_clz.o
       120          4          0          0          0         92   dleqf.o
       340         12          0          0          0        104   dmul.o
       156          4          0          0          0         92   dnaninf.o
        12          0          0          0          0         68   dretinf.o
        86          4          0          0          0         84   f2d.o
       430          8          0          0          0        168   faddsub_clz.o
        24          0          0          0          0         68   fcmpi.o
        62          4          0          0          0         84   ffixu.o
        86          0          0          0          0        136   fflt_clz.o
       104          4          0          0          0         84   fleqf.o
       258          4          0          0          0         84   fmul.o
       140          4          0          0          0         84   fnaninf.o
        10          0          0          0          0         68   fretinf.o
       100          0          0          0          0         68   retnan.o
        92          0          0          0          0         68   scalbn.o
        48          0          0          0          0         68   trapv.o
         0          0          0          0          0          0   usenofp.o
       156          8          0          0          0        104   cos.o
       252         22         48          0          0        124   cos_i.o
        34          6          0          0          0        204   dunder.o
        40          0          0          0          0         68   fpclassify.o
       170          0          0          0          0         96   poly.o
       904         76        200          0          0        140   rred.o
       160         10          0          0          0        108   sin.o
       236         12         40          0          0        128   sin_i.o

    ----------------------------------------------------------------------
      6268        374        288          0         96       4248   Library Totals
        26          0          0          0          0          0   (incl. Padding)

    ----------------------------------------------------------------------

      Code (inc. data)   RO Data    RW Data    ZI Data      Debug   Library Name

       302         20          0          0         96        752   c_w.l
      3988        220          0          0          0       2524   fz_ws.l
      1952        134        288          0          0        972   m_ws.l

    ----------------------------------------------------------------------
      6268        374        288          0         96       4248   Library Totals

    ----------------------------------------------------------------------

==============================================================================


      Code (inc. data)   RO Data    RW Data    ZI Data      Debug   

     18132        552        556         24       2656     257259   Grand Totals
     18132        552        556         24       2656     257259   ELF Image Totals
     18132        552        556         24          0          0   ROM Totals

==============================================================================

    Total RO  Size (Code + RO Data)                18688 (  18.25kB)
    Total RW  Size (RW Data + ZI Data)              2680 (   2.62kB)
    Total ROM Size (Code + RO Data + RW Data)      18712 (  18.27kB)

==============================================================================

